2026-05-25 22:00:19,557 - INFO - Python Course, adedd!
2026-05-25 22:00:19,557 - INFO - Laptop, adedd!
2026-05-25 22:00:19,557 - INFO - Seb, adedd!
2026-05-25 22:00:19,557 - INFO - Bozi, adedd!
2026-05-25 22:00:19,557 - INFO - Laptop, sold!
2026-05-25 22:00:19,557 - INFO - Python Course, sold!
2026-05-25 22:00:19,557 - INFO - Python Course, aded to cart!
2026-05-25 22:00:19,557 - INFO - Laptop, aded to cart!
2026-05-25 22:00:19,557 - INFO - 14430, paid!
2026-05-25 22:00:19,557 - INFO - Order #1, delivered!
2026-05-25 22:00:19,558 - INFO - Product saved!
2026-05-25 22:00:19,558 - INFO - Product saved!
2026-05-25 22:00:19,558 - INFO - Seb, aded to cart!
2026-05-25 22:00:19,558 - INFO - Python Course, aded to cart!
2026-05-25 22:00:19,558 - INFO - Laptop, aded to cart!
2026-05-25 22:00:19,558 - INFO - Korzina xoli shud!
2026-05-25 22:00:48,175 - INFO - Python Course, adedd!
2026-05-25 22:00:48,175 - INFO - Laptop, adedd!
2026-05-25 22:00:48,176 - INFO - Seb, adedd!
2026-05-25 22:00:48,176 - INFO - Bozi, adedd!
2026-05-25 22:00:48,176 - INFO - Laptop, sold!
2026-05-25 22:00:48,176 - INFO - Python Course, sold!
2026-05-25 22:00:48,176 - INFO - Python Course, aded to cart!
2026-05-25 22:00:48,176 - INFO - Laptop, aded to cart!
2026-05-25 22:00:48,176 - INFO - 14430, paid!
2026-05-25 22:00:48,176 - INFO - Order #1, delivered!
2026-05-25 22:00:48,176 - INFO - Product saved!
2026-05-25 22:00:48,176 - INFO - Product saved!
2026-05-25 22:00:48,177 - INFO - Seb, aded to cart!
2026-05-25 22:00:48,177 - INFO - Python Course, aded to cart!
2026-05-25 22:00:48,177 - INFO - Laptop, aded to cart!
2026-05-25 22:00:48,177 - INFO - Korzina xoli shud!
2026-05-26 15:12:43,890 - INFO - Python Course, adedd!
2026-05-26 15:12:43,890 - INFO - Laptop, adedd!
2026-05-26 15:12:43,890 - INFO - Seb, adedd!
2026-05-26 15:12:43,890 - INFO - Bozi, adedd!
2026-05-26 15:12:43,891 - INFO - Laptop, sold!
2026-05-26 15:12:43,891 - INFO - Python Course, sold!
2026-05-26 15:12:43,891 - INFO - Python Course, aded to cart!
2026-05-26 15:12:43,891 - INFO - Laptop, aded to cart!
2026-05-26 15:12:43,891 - INFO - 14430, paid!
2026-05-26 15:12:43,891 - INFO - Order #1, delivered!
2026-05-26 15:12:43,891 - INFO - Product saved!
2026-05-26 15:12:43,891 - INFO - Product saved!
2026-05-26 15:12:43,891 - INFO - Seb, aded to cart!
2026-05-26 15:12:43,891 - INFO - Python Course, aded to cart!
2026-05-26 15:12:43,891 - INFO - Laptop, aded to cart!
2026-05-26 15:12:43,891 - INFO - Korzina xoli shud!
2026-05-26 15:12:45,825 - INFO - Python Course, adedd!
2026-05-26 15:12:45,825 - INFO - Laptop, adedd!
2026-05-26 15:12:45,825 - INFO - Seb, adedd!
2026-05-26 15:12:45,825 - INFO - Bozi, adedd!
2026-05-26 15:12:45,825 - INFO - Laptop, sold!
2026-05-26 15:12:45,825 - INFO - Python Course, sold!
2026-05-26 15:12:45,825 - INFO - Python Course, aded to cart!
2026-05-26 15:12:45,826 - INFO - Laptop, aded to cart!
2026-05-26 15:12:45,826 - INFO - 14430, paid!
2026-05-26 15:12:45,826 - INFO - Order #1, delivered!
2026-05-26 15:12:45,826 - INFO - Product saved!
2026-05-26 15:12:45,826 - INFO - Product saved!
2026-05-26 15:12:45,826 - INFO - Seb, aded to cart!
2026-05-26 15:12:45,826 - INFO - Python Course, aded to cart!
2026-05-26 15:12:45,826 - INFO - Laptop, aded to cart!
2026-05-26 15:12:45,827 - INFO - Korzina xoli shud!
2026-05-26 15:12:46,486 - INFO - Python Course, adedd!
2026-05-26 15:12:46,486 - INFO - Laptop, adedd!
2026-05-26 15:12:46,486 - INFO - Seb, adedd!
2026-05-26 15:12:46,486 - INFO - Bozi, adedd!
2026-05-26 15:12:46,486 - INFO - Laptop, sold!
2026-05-26 15:12:46,486 - INFO - Python Course, sold!
2026-05-26 15:12:46,486 - INFO - Python Course, aded to cart!
2026-05-26 15:12:46,486 - INFO - Laptop, aded to cart!
2026-05-26 15:12:46,486 - INFO - 14430, paid!
2026-05-26 15:12:46,486 - INFO - Order #1, delivered!
2026-05-26 15:12:46,487 - INFO - Product saved!
2026-05-26 15:12:46,487 - INFO - Product saved!
2026-05-26 15:12:46,487 - INFO - Seb, aded to cart!
2026-05-26 15:12:46,487 - INFO - Python Course, aded to cart!
2026-05-26 15:12:46,487 - INFO - Laptop, aded to cart!
2026-05-26 15:12:46,487 - INFO - Korzina xoli shud!
2026-05-26 15:12:46,966 - INFO - Python Course, adedd!
2026-05-26 15:12:46,966 - INFO - Laptop, adedd!
2026-05-26 15:12:46,966 - INFO - Seb, adedd!
2026-05-26 15:12:46,966 - INFO - Bozi, adedd!
2026-05-26 15:12:46,967 - INFO - Laptop, sold!
2026-05-26 15:12:46,967 - INFO - Python Course, sold!
2026-05-26 15:12:46,967 - INFO - Python Course, aded to cart!
2026-05-26 15:12:46,967 - INFO - Laptop, aded to cart!
2026-05-26 15:12:46,967 - INFO - 14430, paid!
2026-05-26 15:12:46,967 - INFO - Order #1, delivered!
2026-05-26 15:12:46,967 - INFO - Product saved!
2026-05-26 15:12:46,967 - INFO - Product saved!
2026-05-26 15:12:46,967 - INFO - Seb, aded to cart!
2026-05-26 15:12:46,967 - INFO - Python Course, aded to cart!
2026-05-26 15:12:46,967 - INFO - Laptop, aded to cart!
2026-05-26 15:12:46,968 - INFO - Korzina xoli shud!
2026-05-26 15:12:47,434 - INFO - Python Course, adedd!
2026-05-26 15:12:47,434 - INFO - Laptop, adedd!
2026-05-26 15:12:47,434 - INFO - Seb, adedd!
2026-05-26 15:12:47,434 - INFO - Bozi, adedd!
2026-05-26 15:12:47,434 - INFO - Laptop, sold!
2026-05-26 15:12:47,434 - INFO - Python Course, sold!
2026-05-26 15:12:47,434 - INFO - Python Course, aded to cart!
2026-05-26 15:12:47,434 - INFO - Laptop, aded to cart!
2026-05-26 15:12:47,434 - INFO - 14430, paid!
2026-05-26 15:12:47,434 - INFO - Order #1, delivered!
2026-05-26 15:12:47,435 - INFO - Product saved!
2026-05-26 15:12:47,435 - INFO - Product saved!
2026-05-26 15:12:47,435 - INFO - Seb, aded to cart!
2026-05-26 15:12:47,435 - INFO - Python Course, aded to cart!
2026-05-26 15:12:47,435 - INFO - Laptop, aded to cart!
2026-05-26 15:12:47,435 - INFO - Korzina xoli shud!
2026-05-26 15:13:14,013 - INFO - Python Course, adedd!
2026-05-26 15:13:14,013 - INFO - Laptop, adedd!
2026-05-26 15:13:14,013 - INFO - Seb, adedd!
2026-05-26 15:13:14,013 - INFO - Bozi, adedd!
2026-05-26 15:13:14,013 - INFO - Laptop, sold!
2026-05-26 15:13:14,013 - INFO - Python Course, sold!
2026-05-26 15:13:14,013 - INFO - Python Course, aded to cart!
2026-05-26 15:13:14,013 - INFO - Laptop, aded to cart!
2026-05-26 15:13:14,013 - INFO - 14430, paid!
2026-05-26 15:13:14,013 - INFO - Order #1, delivered!
2026-05-26 15:13:14,014 - INFO - Product saved!
2026-05-26 15:13:14,014 - INFO - Product saved!
2026-05-26 15:13:14,014 - INFO - Seb, aded to cart!
2026-05-26 15:13:14,014 - INFO - Python Course, aded to cart!
2026-05-26 15:13:14,014 - INFO - Laptop, aded to cart!
2026-05-26 15:13:14,014 - INFO - Korzina xoli shud!
2026-05-26 15:13:16,757 - INFO - Python Course, adedd!
2026-05-26 15:13:16,758 - INFO - Laptop, adedd!
2026-05-26 15:13:16,758 - INFO - Seb, adedd!
2026-05-26 15:13:16,758 - INFO - Bozi, adedd!
2026-05-26 15:13:16,758 - INFO - Laptop, sold!
2026-05-26 15:13:16,758 - INFO - Python Course, sold!
2026-05-26 15:13:16,758 - INFO - Python Course, aded to cart!
2026-05-26 15:13:16,758 - INFO - Laptop, aded to cart!
2026-05-26 15:13:16,758 - INFO - 14430, paid!
2026-05-26 15:13:16,758 - INFO - Order #1, delivered!
2026-05-26 15:13:16,758 - INFO - Product saved!
2026-05-26 15:13:16,759 - INFO - Product saved!
2026-05-26 15:13:16,759 - INFO - Seb, aded to cart!
2026-05-26 15:13:16,759 - INFO - Python Course, aded to cart!
2026-05-26 15:13:16,759 - INFO - Laptop, aded to cart!
2026-05-26 15:13:16,759 - INFO - Korzina xoli shud!
2026-05-26 15:13:17,286 - INFO - Python Course, adedd!
2026-05-26 15:13:17,286 - INFO - Laptop, adedd!
2026-05-26 15:13:17,286 - INFO - Seb, adedd!
2026-05-26 15:13:17,286 - INFO - Bozi, adedd!
2026-05-26 15:13:17,286 - INFO - Laptop, sold!
2026-05-26 15:13:17,287 - INFO - Python Course, sold!
2026-05-26 15:13:17,287 - INFO - Python Course, aded to cart!
2026-05-26 15:13:17,287 - INFO - Laptop, aded to cart!
2026-05-26 15:13:17,287 - INFO - 14430, paid!
2026-05-26 15:13:17,287 - INFO - Order #1, delivered!
2026-05-26 15:13:17,287 - INFO - Product saved!
2026-05-26 15:13:17,287 - INFO - Product saved!
2026-05-26 15:13:17,287 - INFO - Seb, aded to cart!
2026-05-26 15:13:17,287 - INFO - Python Course, aded to cart!
2026-05-26 15:13:17,287 - INFO - Laptop, aded to cart!
2026-05-26 15:13:17,288 - INFO - Korzina xoli shud!
2026-05-26 15:13:17,680 - INFO - Python Course, adedd!
2026-05-26 15:13:17,680 - INFO - Laptop, adedd!
2026-05-26 15:13:17,680 - INFO - Seb, adedd!
2026-05-26 15:13:17,680 - INFO - Bozi, adedd!
2026-05-26 15:13:17,680 - INFO - Laptop, sold!
2026-05-26 15:13:17,680 - INFO - Python Course, sold!
2026-05-26 15:13:17,680 - INFO - Python Course, aded to cart!
2026-05-26 15:13:17,680 - INFO - Laptop, aded to cart!
2026-05-26 15:13:17,681 - INFO - 14430, paid!
2026-05-26 15:13:17,681 - INFO - Order #1, delivered!
2026-05-26 15:13:17,681 - INFO - Product saved!
2026-05-26 15:13:17,681 - INFO - Product saved!
2026-05-26 15:13:17,681 - INFO - Seb, aded to cart!
2026-05-26 15:13:17,681 - INFO - Python Course, aded to cart!
2026-05-26 15:13:17,681 - INFO - Laptop, aded to cart!
2026-05-26 15:13:17,682 - INFO - Korzina xoli shud!
2026-05-26 15:13:18,746 - INFO - Python Course, adedd!
2026-05-26 15:13:18,747 - INFO - Laptop, adedd!
2026-05-26 15:13:18,747 - INFO - Seb, adedd!
2026-05-26 15:13:18,747 - INFO - Bozi, adedd!
2026-05-26 15:13:18,747 - INFO - Laptop, sold!
2026-05-26 15:13:18,747 - INFO - Python Course, sold!
2026-05-26 15:13:18,747 - INFO - Python Course, aded to cart!
2026-05-26 15:13:18,747 - INFO - Laptop, aded to cart!
2026-05-26 15:13:18,747 - INFO - 14430, paid!
2026-05-26 15:13:18,747 - INFO - Order #1, delivered!
2026-05-26 15:13:18,747 - INFO - Product saved!
2026-05-26 15:13:18,748 - INFO - Product saved!
2026-05-26 15:13:18,748 - INFO - Seb, aded to cart!
2026-05-26 15:13:18,748 - INFO - Python Course, aded to cart!
2026-05-26 15:13:18,748 - INFO - Laptop, aded to cart!
2026-05-26 15:13:18,748 - INFO - Korzina xoli shud!
2026-05-26 15:13:19,223 - INFO - Python Course, adedd!
2026-05-26 15:13:19,223 - INFO - Laptop, adedd!
2026-05-26 15:13:19,223 - INFO - Seb, adedd!
2026-05-26 15:13:19,223 - INFO - Bozi, adedd!
2026-05-26 15:13:19,223 - INFO - Laptop, sold!
2026-05-26 15:13:19,223 - INFO - Python Course, sold!
2026-05-26 15:13:19,223 - INFO - Python Course, aded to cart!
2026-05-26 15:13:19,223 - INFO - Laptop, aded to cart!
2026-05-26 15:13:19,223 - INFO - 14430, paid!
2026-05-26 15:13:19,224 - INFO - Order #1, delivered!
2026-05-26 15:13:19,224 - INFO - Product saved!
2026-05-26 15:13:19,224 - INFO - Product saved!
2026-05-26 15:13:19,224 - INFO - Seb, aded to cart!
2026-05-26 15:13:19,224 - INFO - Python Course, aded to cart!
2026-05-26 15:13:19,224 - INFO - Laptop, aded to cart!
2026-05-26 15:13:19,224 - INFO - Korzina xoli shud!
2026-05-26 15:13:19,713 - INFO - Python Course, adedd!
2026-05-26 15:13:19,714 - INFO - Laptop, adedd!
2026-05-26 15:13:19,714 - INFO - Seb, adedd!
2026-05-26 15:13:19,714 - INFO - Bozi, adedd!
2026-05-26 15:13:19,714 - INFO - Laptop, sold!
2026-05-26 15:13:19,714 - INFO - Python Course, sold!
2026-05-26 15:13:19,714 - INFO - Python Course, aded to cart!
2026-05-26 15:13:19,714 - INFO - Laptop, aded to cart!
2026-05-26 15:13:19,714 - INFO - 14430, paid!
2026-05-26 15:13:19,714 - INFO - Order #1, delivered!
2026-05-26 15:13:19,715 - INFO - Product saved!
2026-05-26 15:13:19,715 - INFO - Product saved!
2026-05-26 15:13:19,715 - INFO - Seb, aded to cart!
2026-05-26 15:13:19,715 - INFO - Python Course, aded to cart!
2026-05-26 15:13:19,715 - INFO - Laptop, aded to cart!
2026-05-26 15:13:19,715 - INFO - Korzina xoli shud!
2026-05-26 15:13:26,829 - INFO - Python Course, adedd!
2026-05-26 15:13:26,829 - INFO - Laptop, adedd!
2026-05-26 15:13:26,829 - INFO - Seb, adedd!
2026-05-26 15:13:26,829 - INFO - Bozi, adedd!
2026-05-26 15:13:26,829 - INFO - Laptop, sold!
2026-05-26 15:13:26,829 - INFO - Python Course, sold!
2026-05-26 15:13:26,829 - INFO - Python Course, aded to cart!
2026-05-26 15:13:26,829 - INFO - Laptop, aded to cart!
2026-05-26 15:13:26,829 - INFO - 14430, paid!
2026-05-26 15:13:26,829 - INFO - Order #1, delivered!
2026-05-26 15:13:26,830 - INFO - Product saved!
2026-05-26 15:13:26,830 - INFO - Product saved!
2026-05-26 15:13:26,830 - INFO - Seb, aded to cart!
2026-05-26 15:13:26,830 - INFO - Python Course, aded to cart!
2026-05-26 15:13:26,830 - INFO - Laptop, aded to cart!
2026-05-26 15:13:26,830 - INFO - Korzina xoli shud!
2026-05-26 15:13:27,187 - INFO - Python Course, adedd!
2026-05-26 15:13:27,187 - INFO - Laptop, adedd!
2026-05-26 15:13:27,188 - INFO - Seb, adedd!
2026-05-26 15:13:27,188 - INFO - Bozi, adedd!
2026-05-26 15:13:27,188 - INFO - Laptop, sold!
2026-05-26 15:13:27,188 - INFO - Python Course, sold!
2026-05-26 15:13:27,188 - INFO - Python Course, aded to cart!
2026-05-26 15:13:27,188 - INFO - Laptop, aded to cart!
2026-05-26 15:13:27,188 - INFO - 14430, paid!
2026-05-26 15:13:27,188 - INFO - Order #1, delivered!
2026-05-26 15:13:27,188 - INFO - Product saved!
2026-05-26 15:13:27,189 - INFO - Product saved!
2026-05-26 15:13:27,189 - INFO - Seb, aded to cart!
2026-05-26 15:13:27,189 - INFO - Python Course, aded to cart!
2026-05-26 15:13:27,189 - INFO - Laptop, aded to cart!
2026-05-26 15:13:27,189 - INFO - Korzina xoli shud!
2026-05-26 15:13:27,473 - INFO - Python Course, adedd!
2026-05-26 15:13:27,473 - INFO - Laptop, adedd!
2026-05-26 15:13:27,473 - INFO - Seb, adedd!
2026-05-26 15:13:27,473 - INFO - Bozi, adedd!
2026-05-26 15:13:27,473 - INFO - Laptop, sold!
2026-05-26 15:13:27,473 - INFO - Python Course, sold!
2026-05-26 15:13:27,473 - INFO - Python Course, aded to cart!
2026-05-26 15:13:27,473 - INFO - Laptop, aded to cart!
2026-05-26 15:13:27,473 - INFO - 14430, paid!
2026-05-26 15:13:27,473 - INFO - Order #1, delivered!
2026-05-26 15:13:27,474 - INFO - Product saved!
2026-05-26 15:13:27,474 - INFO - Product saved!
2026-05-26 15:13:27,474 - INFO - Seb, aded to cart!
2026-05-26 15:13:27,474 - INFO - Python Course, aded to cart!
2026-05-26 15:13:27,474 - INFO - Laptop, aded to cart!
2026-05-26 15:13:27,474 - INFO - Korzina xoli shud!
2026-05-26 15:13:27,724 - INFO - Python Course, adedd!
2026-05-26 15:13:27,724 - INFO - Laptop, adedd!
2026-05-26 15:13:27,724 - INFO - Seb, adedd!
2026-05-26 15:13:27,725 - INFO - Bozi, adedd!
2026-05-26 15:13:27,725 - INFO - Laptop, sold!
2026-05-26 15:13:27,725 - INFO - Python Course, sold!
2026-05-26 15:13:27,725 - INFO - Python Course, aded to cart!
2026-05-26 15:13:27,725 - INFO - Laptop, aded to cart!
2026-05-26 15:13:27,725 - INFO - 14430, paid!
2026-05-26 15:13:27,725 - INFO - Order #1, delivered!
2026-05-26 15:13:27,726 - INFO - Product saved!
2026-05-26 15:13:27,726 - INFO - Product saved!
2026-05-26 15:13:27,726 - INFO - Seb, aded to cart!
2026-05-26 15:13:27,726 - INFO - Python Course, aded to cart!
2026-05-26 15:13:27,726 - INFO - Laptop, aded to cart!
2026-05-26 15:13:27,727 - INFO - Korzina xoli shud!
2026-05-26 17:35:58,692 - INFO - Python Course, adedd!
2026-05-26 17:35:58,692 - INFO - Laptop, adedd!
2026-05-26 17:35:58,692 - INFO - Seb, adedd!
2026-05-26 17:35:58,692 - INFO - Bozi, adedd!
2026-05-26 17:35:58,693 - INFO - Laptop, sold!
2026-05-26 17:35:58,693 - INFO - Python Course, sold!
2026-05-26 18:34:36,876 - INFO - Python Course, aded
2026-05-26 18:34:36,876 - INFO - Laptop, aded
2026-05-26 18:34:36,877 - INFO - Seb, aded
2026-05-26 18:34:36,877 - INFO - Bozi, aded
2026-05-26 18:34:36,877 - INFO - Laptop, sold!
2026-05-26 18:34:36,877 - INFO - Python Course, sold!
2026-05-26 18:35:00,476 - INFO - Python Course, aded
2026-05-26 18:35:00,476 - INFO - Laptop, aded
2026-05-26 18:35:00,476 - INFO - Seb, aded
2026-05-26 18:35:00,476 - INFO - Bozi, aded
2026-05-26 18:35:00,476 - INFO - Laptop, sold!
2026-05-26 18:35:00,476 - INFO - Python Course, sold!
2026-05-26 18:35:20,891 - INFO - Python Course, aded
2026-05-26 18:35:20,891 - INFO - Laptop, aded
2026-05-26 18:35:20,891 - INFO - Seb, aded
2026-05-26 18:35:20,891 - INFO - Bozi, aded
2026-05-26 18:35:20,891 - INFO - Laptop, sold!
2026-05-26 18:35:20,891 - INFO - Python Course, sold!
2026-05-26 18:39:37,775 - INFO - Python Course, aded
2026-05-26 18:39:37,775 - INFO - Laptop, aded
2026-05-26 18:39:37,775 - INFO - Seb, aded
2026-05-26 18:39:37,775 - INFO - Bozi, aded
2026-05-26 18:39:37,775 - INFO - Laptop, sold!
2026-05-26 18:39:37,775 - INFO - Python Course, sold!
2026-05-26 18:44:35,116 - INFO - Python Course, aded
2026-05-26 18:44:35,117 - INFO - Laptop, aded
2026-05-26 18:44:35,117 - INFO - Seb, aded
2026-05-26 18:44:35,117 - INFO - Bozi, aded
2026-05-26 18:44:35,117 - INFO - Laptop, sold!
2026-05-26 18:44:35,117 - INFO - Python Course, sold!
2026-05-26 18:50:57,814 - INFO - Python Course, aded
2026-05-26 18:50:57,814 - INFO - Laptop, aded
2026-05-26 18:50:57,814 - INFO - Seb, aded
2026-05-26 18:50:57,814 - INFO - Bozi, aded
2026-05-26 18:50:57,814 - INFO - Laptop, sold!
2026-05-26 18:50:57,815 - INFO - Python Course, sold!
2026-05-26 18:50:57,815 - INFO - Python Course, ba korzina vorid shud!
2026-05-26 18:50:57,815 - INFO - Laptop, ba korzina vorid shud!
2026-05-26 18:50:57,815 - INFO - Seb, ba korzina vorid shud!
2026-05-26 18:52:51,966 - INFO - Python Course, aded
2026-05-26 18:52:51,966 - INFO - Laptop, aded
2026-05-26 18:52:51,966 - INFO - Seb, aded
2026-05-26 18:52:51,966 - INFO - Bozi, aded
2026-05-26 18:52:51,967 - INFO - Laptop, sold!
2026-05-26 18:52:51,967 - INFO - Python Course, sold!
2026-05-26 18:52:51,967 - INFO - Python Course, ba korzina vorid shud!
2026-05-26 18:52:51,967 - INFO - Laptop, ba korzina vorid shud!
2026-05-26 18:52:51,967 - INFO - Seb, ba korzina vorid shud!
2026-05-26 18:53:39,480 - INFO - Python Course, aded
2026-05-26 18:53:39,481 - INFO - Laptop, aded
2026-05-26 18:53:39,481 - INFO - Seb, aded
2026-05-26 18:53:39,481 - INFO - Bozi, aded
2026-05-26 18:53:39,481 - INFO - Laptop, sold!
2026-05-26 18:53:39,481 - INFO - Python Course, sold!
2026-05-26 18:53:39,481 - INFO - Python Course, ba korzina vorid shud!
2026-05-26 18:53:39,481 - INFO - Laptop, ba korzina vorid shud!
2026-05-26 18:53:39,481 - INFO - Seb, ba korzina vorid shud!
2026-05-26 18:54:40,853 - INFO - Python Course, aded
2026-05-26 18:54:40,853 - INFO - Laptop, aded
2026-05-26 18:54:40,853 - INFO - Seb, aded
2026-05-26 18:54:40,854 - INFO - Bozi, aded
2026-05-26 18:54:40,854 - INFO - Laptop, sold!
2026-05-26 18:54:40,854 - INFO - Python Course, sold!
2026-05-26 18:54:40,854 - INFO - Python Course, ba korzina vorid shud!
2026-05-26 18:54:40,854 - INFO - Laptop, ba korzina vorid shud!
2026-05-26 18:54:40,854 - INFO - Seb, ba korzina vorid shud!
2026-05-26 18:55:25,670 - INFO - Python Course, aded
2026-05-26 18:55:25,670 - INFO - Laptop, aded
2026-05-26 18:55:25,670 - INFO - Seb, aded
2026-05-26 18:55:25,670 - INFO - Bozi, aded
2026-05-26 18:55:25,670 - INFO - Laptop, sold!
2026-05-26 18:55:25,670 - INFO - Python Course, sold!
2026-05-26 18:55:25,670 - INFO - Python Course, ba korzina vorid shud!
2026-05-26 18:55:25,670 - INFO - Laptop, ba korzina vorid shud!
2026-05-26 18:55:25,670 - INFO - Seb, ba korzina vorid shud!
2026-05-26 18:56:05,404 - INFO - Python Course, aded
2026-05-26 18:56:05,404 - INFO - Laptop, aded
2026-05-26 18:56:05,404 - INFO - Seb, aded
2026-05-26 18:56:05,404 - INFO - Bozi, aded
2026-05-26 18:56:05,405 - INFO - Laptop, sold!
2026-05-26 18:56:05,405 - INFO - Python Course, sold!
2026-05-26 18:56:05,405 - INFO - Python Course, ba korzina vorid shud!
2026-05-26 18:56:05,405 - INFO - Laptop, ba korzina vorid shud!
2026-05-26 18:56:05,405 - INFO - Seb, ba korzina vorid shud!
2026-05-26 19:06:12,890 - INFO - Python Course, aded
2026-05-26 19:06:12,890 - INFO - Laptop, aded
2026-05-26 19:06:12,890 - INFO - Seb, aded
2026-05-26 19:06:12,890 - INFO - Bozi, aded
2026-05-26 19:06:12,891 - INFO - Laptop, sold!
2026-05-26 19:06:12,891 - INFO - Python Course, sold!
2026-05-26 19:06:12,891 - INFO - Python Course, ba korzina vorid shud!
2026-05-26 19:06:12,891 - INFO - Laptop, ba korzina vorid shud!
2026-05-26 19:06:12,891 - INFO - Seb, ba korzina vorid shud!
2026-05-26 19:07:13,965 - INFO - Python Course, aded
2026-05-26 19:07:13,966 - INFO - Laptop, aded
2026-05-26 19:07:13,966 - INFO - Seb, aded
2026-05-26 19:07:13,966 - INFO - Bozi, aded
2026-05-26 19:07:13,966 - INFO - Laptop, sold!
2026-05-26 19:07:13,966 - INFO - Python Course, sold!
2026-05-26 19:07:13,966 - INFO - Python Course, ba korzina vorid shud!
2026-05-26 19:07:13,966 - INFO - Laptop, ba korzina vorid shud!
2026-05-26 19:07:13,966 - INFO - Seb, ba korzina vorid shud!
2026-05-26 19:08:19,421 - INFO - Python Course, aded
2026-05-26 19:08:19,421 - INFO - Laptop, aded
2026-05-26 19:08:19,421 - INFO - Seb, aded
2026-05-26 19:08:19,421 - INFO - Bozi, aded
2026-05-26 19:08:19,421 - INFO - Laptop, sold!
2026-05-26 19:08:19,421 - INFO - Python Course, sold!
2026-05-26 19:08:19,421 - INFO - Python Course, ba korzina vorid shud!
2026-05-26 19:08:19,421 - INFO - Laptop, ba korzina vorid shud!
2026-05-26 19:08:19,421 - INFO - Seb, ba korzina vorid shud!
2026-05-26 19:14:17,603 - INFO - Python Course, aded
2026-05-26 19:14:17,603 - INFO - Laptop, aded
2026-05-26 19:14:17,603 - INFO - Seb, aded
2026-05-26 19:14:17,603 - INFO - Bozi, aded
2026-05-26 19:14:17,603 - INFO - Laptop, sold!
2026-05-26 19:14:17,603 - INFO - Python Course, sold!
2026-05-26 19:14:17,603 - INFO - Python Course, ba korzina vorid shud!
2026-05-26 19:14:17,603 - INFO - Laptop, ba korzina vorid shud!
2026-05-26 19:14:17,603 - INFO - Seb, ba korzina vorid shud!
2026-05-26 19:14:53,275 - INFO - Python Course, aded
2026-05-26 19:14:53,275 - INFO - Laptop, aded
2026-05-26 19:14:53,275 - INFO - Seb, aded
2026-05-26 19:14:53,275 - INFO - Bozi, aded
2026-05-26 19:14:53,275 - INFO - Laptop, sold!
2026-05-26 19:14:53,275 - INFO - Python Course, sold!
2026-05-26 19:14:53,276 - INFO - Python Course, ba korzina vorid shud!
2026-05-26 19:14:53,276 - INFO - Laptop, ba korzina vorid shud!
2026-05-26 19:14:53,276 - INFO - Seb, ba korzina vorid shud!
2026-05-26 19:16:36,444 - INFO - Python Course, aded
2026-05-26 19:16:36,444 - INFO - Laptop, aded
2026-05-26 19:16:36,444 - INFO - Seb, aded
2026-05-26 19:16:36,444 - INFO - Bozi, aded
2026-05-26 19:16:36,444 - INFO - Laptop, sold!
2026-05-26 19:16:36,444 - INFO - Python Course, sold!
2026-05-26 19:16:36,444 - INFO - Python Course, ba korzina vorid shud!
2026-05-26 19:16:36,444 - INFO - Laptop, ba korzina vorid shud!
2026-05-26 19:16:36,444 - INFO - Seb, ba korzina vorid shud!
2026-05-26 19:16:37,848 - INFO - Python Course, aded
2026-05-26 19:16:37,849 - INFO - Laptop, aded
2026-05-26 19:16:37,849 - INFO - Seb, aded
2026-05-26 19:16:37,849 - INFO - Bozi, aded
2026-05-26 19:16:37,849 - INFO - Laptop, sold!
2026-05-26 19:16:37,849 - INFO - Python Course, sold!
2026-05-26 19:16:37,849 - INFO - Python Course, ba korzina vorid shud!
2026-05-26 19:16:37,849 - INFO - Laptop, ba korzina vorid shud!
2026-05-26 19:16:37,849 - INFO - Seb, ba korzina vorid shud!
2026-05-26 19:17:55,299 - INFO - Python Course, aded
2026-05-26 19:17:55,299 - INFO - Laptop, aded
2026-05-26 19:17:55,299 - INFO - Seb, aded
2026-05-26 19:17:55,300 - INFO - Bozi, aded
2026-05-26 19:17:55,300 - INFO - Laptop, sold!
2026-05-26 19:17:55,300 - INFO - Python Course, sold!
2026-05-26 19:17:55,300 - INFO - Python Course, ba korzina vorid shud!
2026-05-26 19:17:55,300 - INFO - Laptop, ba korzina vorid shud!
2026-05-26 19:17:55,300 - INFO - Seb, ba korzina vorid shud!
2026-05-26 19:24:20,594 - INFO - Python Course, aded
2026-05-26 19:24:20,594 - INFO - Laptop, aded
2026-05-26 19:24:20,594 - INFO - Seb, aded
2026-05-26 19:24:20,594 - INFO - Bozi, aded
2026-05-26 19:24:20,594 - INFO - Laptop, sold!
2026-05-26 19:24:20,594 - INFO - Python Course, sold!
2026-05-26 19:24:20,594 - INFO - Python Course, ba korzina vorid shud!
2026-05-26 19:24:20,595 - INFO - Laptop, ba korzina vorid shud!
2026-05-26 19:24:20,595 - INFO - Seb, ba korzina vorid shud!
2026-05-26 19:25:46,383 - INFO - Python Course, aded
2026-05-26 19:25:46,384 - INFO - Laptop, aded
2026-05-26 19:25:46,384 - INFO - Seb, aded
2026-05-26 19:25:46,384 - INFO - Bozi, aded
2026-05-26 19:25:46,384 - INFO - Laptop, sold!
2026-05-26 19:25:46,384 - INFO - Python Course, sold!
2026-05-26 19:25:46,384 - INFO - Python Course, ba korzina vorid shud!
2026-05-26 19:25:46,384 - INFO - Laptop, ba korzina vorid shud!
2026-05-26 19:25:46,384 - INFO - Seb, ba korzina vorid shud!
2026-05-26 19:28:33,404 - INFO - Python Course, aded
2026-05-26 19:28:33,404 - INFO - Laptop, aded
2026-05-26 19:28:33,404 - INFO - Seb, aded
2026-05-26 19:28:33,404 - INFO - Bozi, aded
2026-05-26 19:28:33,404 - INFO - Laptop, sold!
2026-05-26 19:28:33,404 - INFO - Python Course, sold!
2026-05-26 19:28:33,404 - INFO - Python Course, ba korzina vorid shud!
2026-05-26 19:28:33,404 - INFO - Laptop, ba korzina vorid shud!
2026-05-26 19:28:33,404 - INFO - Seb, ba korzina vorid shud!
2026-05-26 19:28:33,404 - INFO - Delivered
2026-05-26 19:29:16,302 - INFO - Python Course, aded
2026-05-26 19:29:16,302 - INFO - Laptop, aded
2026-05-26 19:29:16,302 - INFO - Seb, aded
2026-05-26 19:29:16,302 - INFO - Bozi, aded
2026-05-26 19:29:16,302 - INFO - Laptop, sold!
2026-05-26 19:29:16,302 - INFO - Python Course, sold!
2026-05-26 19:29:16,302 - INFO - Python Course, ba korzina vorid shud!
2026-05-26 19:29:16,302 - INFO - Laptop, ba korzina vorid shud!
2026-05-26 19:29:16,302 - INFO - Seb, ba korzina vorid shud!
2026-05-26 19:29:16,302 - INFO - Delivered
2026-05-26 19:30:11,515 - INFO - Python Course, aded
2026-05-26 19:30:11,515 - INFO - Laptop, aded
2026-05-26 19:30:11,515 - INFO - Seb, aded
2026-05-26 19:30:11,515 - INFO - Bozi, aded
2026-05-26 19:30:11,515 - INFO - Laptop, sold!
2026-05-26 19:30:11,515 - INFO - Python Course, sold!
2026-05-26 19:30:11,515 - INFO - Python Course, ba korzina vorid shud!
2026-05-26 19:30:11,515 - INFO - Laptop, ba korzina vorid shud!
2026-05-26 19:30:11,515 - INFO - Seb, ba korzina vorid shud!
2026-05-26 19:30:11,515 - INFO - Delivered
2026-05-26 19:30:11,515 - INFO - Product saved!
2026-05-26 19:31:12,182 - INFO - Python Course, aded
2026-05-26 19:31:12,182 - INFO - Laptop, aded
2026-05-26 19:31:12,182 - INFO - Seb, aded
2026-05-26 19:31:12,182 - INFO - Bozi, aded
2026-05-26 19:31:12,182 - INFO - Laptop, sold!
2026-05-26 19:31:12,182 - INFO - Python Course, sold!
2026-05-26 19:31:12,182 - INFO - Python Course, ba korzina vorid shud!
2026-05-26 19:31:12,182 - INFO - Laptop, ba korzina vorid shud!
2026-05-26 19:31:12,182 - INFO - Seb, ba korzina vorid shud!
2026-05-26 19:31:12,182 - INFO - Delivered
2026-05-26 19:31:12,182 - INFO - Product saved!
2026-05-26 19:34:57,567 - INFO - Python Course, aded
2026-05-26 19:34:57,567 - INFO - Laptop, aded
2026-05-26 19:34:57,567 - INFO - Seb, aded
2026-05-26 19:34:57,567 - INFO - Bozi, aded
2026-05-26 19:34:57,567 - INFO - Laptop, sold!
2026-05-26 19:34:57,567 - INFO - Python Course, sold!
2026-05-26 19:34:57,567 - INFO - Python Course, ba korzina vorid shud!
2026-05-26 19:34:57,567 - INFO - Laptop, ba korzina vorid shud!
2026-05-26 19:34:57,567 - INFO - Seb, ba korzina vorid shud!
2026-05-26 19:34:57,567 - INFO - Delivered
2026-05-26 19:34:57,567 - INFO - Product saved!
2026-05-26 19:35:46,822 - INFO - Python Course, aded
2026-05-26 19:35:46,822 - INFO - Laptop, aded
2026-05-26 19:35:46,822 - INFO - Seb, aded
2026-05-26 19:35:46,822 - INFO - Bozi, aded
2026-05-26 19:35:46,822 - INFO - Laptop, sold!
2026-05-26 19:35:46,822 - INFO - Python Course, sold!
2026-05-26 19:35:46,822 - INFO - Python Course, ba korzina vorid shud!
2026-05-26 19:35:46,822 - INFO - Laptop, ba korzina vorid shud!
2026-05-26 19:35:46,822 - INFO - Seb, ba korzina vorid shud!
2026-05-26 19:35:46,822 - INFO - Delivered
2026-05-26 19:35:46,822 - INFO - Product saved!
2026-05-26 19:36:38,164 - INFO - Python Course, aded
2026-05-26 19:36:38,164 - INFO - Laptop, aded
2026-05-26 19:36:38,164 - INFO - Seb, aded
2026-05-26 19:36:38,164 - INFO - Bozi, aded
2026-05-26 19:36:38,164 - INFO - Laptop, sold!
2026-05-26 19:36:38,164 - INFO - Python Course, sold!
2026-05-26 19:36:38,164 - INFO - Python Course, ba korzina vorid shud!
2026-05-26 19:36:38,164 - INFO - Laptop, ba korzina vorid shud!
2026-05-26 19:36:38,165 - INFO - Seb, ba korzina vorid shud!
2026-05-26 19:36:38,165 - INFO - Delivered
2026-05-26 19:36:38,165 - INFO - Product saved!
2026-05-26 19:36:38,165 - INFO - Product loaded!
2026-05-26 19:38:02,051 - INFO - Python Course, aded
2026-05-26 19:38:02,051 - INFO - Laptop, aded
2026-05-26 19:38:02,051 - INFO - Seb, aded
2026-05-26 19:38:02,051 - INFO - Bozi, aded
2026-05-26 19:38:02,051 - INFO - Laptop, sold!
2026-05-26 19:38:02,051 - INFO - Python Course, sold!
2026-05-26 19:38:02,051 - INFO - Python Course, ba korzina vorid shud!
2026-05-26 19:38:02,051 - INFO - Laptop, ba korzina vorid shud!
2026-05-26 19:38:02,051 - INFO - Seb, ba korzina vorid shud!
2026-05-26 19:38:02,051 - INFO - Delivered
2026-05-26 19:38:02,052 - INFO - Product saved!
2026-05-26 19:38:02,052 - INFO - Product loaded!
2026-05-26 19:38:02,052 - INFO - Seb, ba korzina vorid shud!
2026-05-26 19:38:02,052 - INFO - Python Course, ba korzina vorid shud!
2026-05-26 19:38:02,052 - INFO - Laptop, ba korzina vorid shud!
2026-05-26 19:38:28,579 - INFO - Python Course, aded
2026-05-26 19:38:28,579 - INFO - Laptop, aded
2026-05-26 19:38:28,579 - INFO - Seb, aded
2026-05-26 19:38:28,579 - INFO - Bozi, aded
2026-05-26 19:38:28,579 - INFO - Laptop, sold!
2026-05-26 19:38:28,579 - INFO - Python Course, sold!
2026-05-26 19:38:28,579 - INFO - Python Course, ba korzina vorid shud!
2026-05-26 19:38:28,579 - INFO - Laptop, ba korzina vorid shud!
2026-05-26 19:38:28,579 - INFO - Seb, ba korzina vorid shud!
2026-05-26 19:38:28,579 - INFO - Delivered
2026-05-26 19:38:28,579 - INFO - Product saved!
2026-05-26 19:38:28,579 - INFO - Product loaded!
2026-05-26 19:38:28,579 - INFO - Seb, ba korzina vorid shud!
2026-05-26 19:38:28,579 - INFO - Python Course, ba korzina vorid shud!
2026-05-26 19:38:28,579 - INFO - Laptop, ba korzina vorid shud!
2026-05-26 19:40:39,144 - INFO - Python Course, aded
2026-05-26 19:40:39,145 - INFO - Laptop, aded
2026-05-26 19:40:39,145 - INFO - Seb, aded
2026-05-26 19:40:39,145 - INFO - Bozi, aded
2026-05-26 19:40:39,145 - INFO - Laptop, sold!
2026-05-26 19:40:39,145 - INFO - Python Course, sold!
2026-05-26 19:40:39,145 - INFO - Python Course, ba korzina vorid shud!
2026-05-26 19:40:39,145 - INFO - Laptop, ba korzina vorid shud!
2026-05-26 19:40:39,145 - INFO - Seb, ba korzina vorid shud!
2026-05-26 19:40:39,145 - INFO - Delivered
2026-05-26 19:40:39,145 - INFO - Product saved!
2026-05-26 19:40:39,146 - INFO - Product loaded!
2026-05-26 19:40:39,146 - INFO - Seb, ba korzina vorid shud!
2026-05-26 19:40:39,146 - INFO - Python Course, ba korzina vorid shud!
2026-05-26 19:40:39,146 - INFO - Laptop, ba korzina vorid shud!
2026-05-26 19:41:20,221 - INFO - Python Course, aded
2026-05-26 19:41:20,222 - INFO - Laptop, aded
2026-05-26 19:41:20,222 - INFO - Seb, aded
2026-05-26 19:41:20,222 - INFO - Bozi, aded
2026-05-26 19:41:20,222 - INFO - Laptop, sold!
2026-05-26 19:41:20,222 - INFO - Python Course, sold!
2026-05-26 19:41:20,222 - INFO - Python Course, ba korzina vorid shud!
2026-05-26 19:41:20,222 - INFO - Laptop, ba korzina vorid shud!
2026-05-26 19:41:20,222 - INFO - Seb, ba korzina vorid shud!
2026-05-26 19:41:20,222 - INFO - Delivered
2026-05-26 19:41:20,222 - INFO - Product saved!
2026-05-26 19:41:20,222 - INFO - Product loaded!
2026-05-26 19:41:20,222 - INFO - Seb, ba korzina vorid shud!
2026-05-26 19:41:20,222 - INFO - Python Course, ba korzina vorid shud!
2026-05-26 19:41:20,222 - INFO - Laptop, ba korzina vorid shud!
2026-05-26 19:42:49,383 - INFO - Python Course, aded
2026-05-26 19:42:49,383 - INFO - Laptop, aded
2026-05-26 19:42:49,383 - INFO - Seb, aded
2026-05-26 19:42:49,383 - INFO - Bozi, aded
2026-05-26 19:42:49,383 - INFO - Laptop, sold!
2026-05-26 19:42:49,383 - INFO - Python Course, sold!
2026-05-26 19:42:49,383 - INFO - Python Course, ba korzina vorid shud!
2026-05-26 19:42:49,383 - INFO - Laptop, ba korzina vorid shud!
2026-05-26 19:42:49,383 - INFO - Seb, ba korzina vorid shud!
2026-05-26 19:42:49,384 - INFO - Delivered
2026-05-26 19:42:49,384 - INFO - Product saved!
2026-05-26 19:42:49,384 - INFO - Product loaded!
2026-05-26 19:42:49,384 - INFO - Seb, ba korzina vorid shud!
2026-05-26 19:42:49,384 - INFO - Python Course, ba korzina vorid shud!
2026-05-26 19:42:49,384 - INFO - Laptop, ba korzina vorid shud!
2026-05-26 19:51:31,448 - INFO - Python Course, aded
2026-05-26 19:51:31,448 - INFO - Laptop, aded
2026-05-26 19:51:31,448 - INFO - Seb, aded
2026-05-26 19:51:31,448 - INFO - Bozi, aded
2026-05-26 19:51:31,449 - INFO - Laptop, sold!
2026-05-26 19:51:31,449 - INFO - Python Course, sold!
2026-05-26 19:51:31,449 - INFO - Python Course, ba korzina vorid shud!
2026-05-26 19:51:31,449 - INFO - Laptop, ba korzina vorid shud!
2026-05-26 19:51:31,449 - INFO - Seb, ba korzina vorid shud!
2026-05-26 19:51:31,449 - INFO - Delivered
2026-05-26 19:51:31,449 - INFO - Product saved!
2026-05-26 19:51:31,449 - INFO - Product loaded!
2026-05-26 19:51:31,449 - INFO - Seb, ba korzina vorid shud!
2026-05-26 19:51:31,449 - INFO - Python Course, ba korzina vorid shud!
2026-05-26 19:51:31,449 - INFO - Laptop, ba korzina vorid shud!
2026-05-26 19:51:31,449 - INFO - Korzina xoli shud!
2026-05-26 19:55:10,158 - INFO - Python Course, aded
2026-05-26 19:55:10,158 - INFO - Laptop, aded
2026-05-26 19:55:10,158 - INFO - Seb, aded
2026-05-26 19:55:10,158 - INFO - Bozi, aded
2026-05-26 19:55:10,158 - INFO - Laptop, sold!
2026-05-26 19:55:10,158 - INFO - Python Course, sold!
2026-05-26 19:55:10,159 - INFO - Python Course, ba korzina vorid shud!
2026-05-26 19:55:10,159 - INFO - Laptop, ba korzina vorid shud!
2026-05-26 19:55:10,159 - INFO - Seb, ba korzina vorid shud!
2026-05-26 19:55:10,159 - INFO - Delivered
2026-05-26 19:55:10,159 - INFO - Product saved!
2026-05-26 19:55:10,159 - INFO - Product loaded!
2026-05-26 19:55:10,159 - INFO - Seb, ba korzina vorid shud!
2026-05-26 19:55:10,159 - INFO - Python Course, ba korzina vorid shud!
2026-05-26 19:55:10,159 - INFO - Laptop, ba korzina vorid shud!
2026-05-26 19:55:10,159 - INFO - Korzina xoli shud!
2026-05-26 19:55:31,097 - INFO - Python Course, aded
2026-05-26 19:55:31,097 - INFO - Laptop, aded
2026-05-26 19:55:31,097 - INFO - Seb, aded
2026-05-26 19:55:31,097 - INFO - Bozi, aded
2026-05-26 19:55:31,097 - INFO - Laptop, sold!
2026-05-26 19:55:31,097 - INFO - Python Course, sold!
2026-05-26 19:55:31,097 - INFO - Python Course, ba korzina vorid shud!
2026-05-26 19:55:31,097 - INFO - Laptop, ba korzina vorid shud!
2026-05-26 19:55:31,097 - INFO - Seb, ba korzina vorid shud!
2026-05-26 19:55:31,097 - INFO - Delivered
2026-05-26 19:55:31,097 - INFO - Product saved!
2026-05-26 19:55:31,098 - INFO - Product loaded!
2026-05-26 19:55:31,098 - INFO - Seb, ba korzina vorid shud!
2026-05-26 19:55:31,098 - INFO - Python Course, ba korzina vorid shud!
2026-05-26 19:55:31,098 - INFO - Laptop, ba korzina vorid shud!
2026-05-26 19:55:31,098 - INFO - Korzina xoli shud!
2026-05-28 11:23:38,126 - INFO - Python Course, aded
2026-05-28 11:23:38,127 - INFO - Laptop, aded
2026-05-28 11:23:38,127 - INFO - Seb, aded
2026-05-28 11:23:38,127 - INFO - Bozi, aded
2026-05-28 11:23:38,127 - INFO - Laptop, sold!
2026-05-28 11:23:38,127 - INFO - Python Course, sold!
2026-05-28 11:23:38,127 - INFO - Python Course, ba korzina vorid shud!
2026-05-28 11:23:38,127 - INFO - Laptop, ba korzina vorid shud!
2026-05-28 11:23:38,127 - INFO - Seb, ba korzina vorid shud!
2026-05-28 11:23:38,127 - INFO - Delivered
2026-05-28 11:23:38,128 - INFO - Product saved!
2026-05-28 11:23:38,128 - INFO - Product loaded!
2026-05-28 11:23:38,128 - INFO - Seb, ba korzina vorid shud!
2026-05-28 11:23:38,128 - INFO - Python Course, ba korzina vorid shud!
2026-05-28 11:23:38,128 - INFO - Laptop, ba korzina vorid shud!
2026-05-28 11:23:38,128 - INFO - Korzina xoli shud!
2026-05-28 12:20:11,203 - INFO - Python Course, aded
2026-05-28 12:20:11,204 - INFO - Laptop, aded
2026-05-28 12:20:11,204 - INFO - Seb, aded
2026-05-28 12:20:11,204 - INFO - Bozi, aded
2026-05-28 12:20:52,457 - INFO - Python Course, aded
2026-05-28 12:20:52,457 - INFO - Laptop, aded
2026-05-28 12:20:52,457 - INFO - Seb, aded
2026-05-28 12:20:52,457 - INFO - Bozi, aded
2026-05-28 12:22:56,214 - INFO - Python Course, aded
2026-05-28 12:22:56,214 - INFO - Laptop, aded
2026-05-28 12:22:56,214 - INFO - Seb, aded
2026-05-28 12:22:56,214 - INFO - Bozi, aded
2026-05-28 12:24:15,262 - INFO - Python Course, aded
2026-05-28 12:24:15,263 - INFO - Laptop, aded
2026-05-28 12:24:15,263 - INFO - Seb, aded
2026-05-28 12:24:15,263 - INFO - Bozi, aded
2026-05-28 12:24:16,504 - INFO - Python Course, aded
2026-05-28 12:24:16,504 - INFO - Laptop, aded
2026-05-28 12:24:16,505 - INFO - Seb, aded
2026-05-28 12:24:16,505 - INFO - Bozi, aded
2026-05-28 12:24:36,126 - INFO - Python Course, aded
2026-05-28 12:24:36,127 - INFO - Laptop, aded
2026-05-28 12:24:36,127 - INFO - Seb, aded
2026-05-28 12:24:36,127 - INFO - Bozi, aded
2026-05-28 12:25:40,991 - INFO - Python Course, aded
2026-05-28 12:25:40,992 - INFO - Laptop, aded
2026-05-28 12:25:40,992 - INFO - Seb, aded
2026-05-28 12:25:40,992 - INFO - Bozi, aded
2026-05-28 12:25:41,000 - INFO - Laptop, sold!
2026-05-28 12:25:41,000 - INFO - Python Course, sold!
2026-05-28 12:25:41,000 - INFO - Python Course, ba korzina vorid shud!
2026-05-28 12:25:41,000 - INFO - Laptop, ba korzina vorid shud!
2026-05-28 12:25:41,000 - INFO - Seb, ba korzina vorid shud!
2026-05-28 12:25:41,001 - INFO - Delivered
2026-05-28 12:25:41,001 - INFO - Product saved!
2026-05-28 12:25:41,001 - INFO - Product loaded!
2026-05-28 12:25:41,002 - INFO - Seb, ba korzina vorid shud!
2026-05-28 12:25:41,002 - INFO - Python Course, ba korzina vorid shud!
2026-05-28 12:25:41,002 - INFO - Laptop, ba korzina vorid shud!
2026-05-28 12:25:41,002 - INFO - Korzina xoli shud!
2026-05-28 12:26:25,889 - INFO - Python Course, aded
2026-05-28 12:26:25,889 - INFO - Laptop, aded
2026-05-28 12:26:25,889 - INFO - Seb, aded
2026-05-28 12:26:25,889 - INFO - Bozi, aded
2026-05-28 12:26:25,897 - INFO - Laptop, sold!
2026-05-28 12:26:25,897 - INFO - Python Course, sold!
2026-05-28 12:26:25,897 - INFO - Python Course, ba korzina vorid shud!
2026-05-28 12:26:25,897 - INFO - Laptop, ba korzina vorid shud!
2026-05-28 12:26:25,897 - INFO - Seb, ba korzina vorid shud!
2026-05-28 12:26:25,897 - INFO - Delivered
2026-05-28 12:26:25,898 - INFO - Product saved!
2026-05-28 12:26:25,898 - INFO - Product loaded!
2026-05-28 12:26:25,898 - INFO - Seb, ba korzina vorid shud!
2026-05-28 12:26:25,898 - INFO - Python Course, ba korzina vorid shud!
2026-05-28 12:26:25,898 - INFO - Laptop, ba korzina vorid shud!
2026-05-28 12:26:25,898 - INFO - Korzina xoli shud!
2026-05-28 12:26:56,230 - INFO - Python Course, aded
2026-05-28 12:26:56,230 - INFO - Laptop, aded
2026-05-28 12:26:56,230 - INFO - Seb, aded
2026-05-28 12:26:56,230 - INFO - Bozi, aded
2026-05-28 12:26:56,239 - INFO - Laptop, sold!
2026-05-28 12:26:56,239 - INFO - Python Course, sold!
2026-05-28 12:26:56,239 - INFO - Python Course, ba korzina vorid shud!
2026-05-28 12:26:56,239 - INFO - Laptop, ba korzina vorid shud!
2026-05-28 12:26:56,239 - INFO - Seb, ba korzina vorid shud!
2026-05-28 12:26:56,240 - INFO - Delivered
2026-05-28 12:26:56,240 - INFO - Product saved!
2026-05-28 12:26:56,240 - INFO - Product loaded!
2026-05-28 12:26:56,240 - INFO - Seb, ba korzina vorid shud!
2026-05-28 12:26:56,240 - INFO - Python Course, ba korzina vorid shud!
2026-05-28 12:26:56,240 - INFO - Laptop, ba korzina vorid shud!
2026-05-28 12:26:56,240 - INFO - Korzina xoli shud!
2026-05-28 12:28:39,350 - INFO - Python Course, aded
2026-05-28 12:28:39,350 - INFO - Laptop, aded
2026-05-28 12:28:39,350 - INFO - Seb, aded
2026-05-28 12:28:39,350 - INFO - Bozi, aded
2026-05-28 12:28:39,361 - INFO - Laptop, sold!
2026-05-28 12:28:39,361 - INFO - Python Course, sold!
2026-05-28 12:28:39,361 - INFO - Python Course, ba korzina vorid shud!
2026-05-28 12:28:39,361 - INFO - Laptop, ba korzina vorid shud!
2026-05-28 12:28:39,361 - INFO - Seb, ba korzina vorid shud!
2026-05-28 12:28:39,362 - INFO - Delivered
2026-05-28 12:28:39,362 - INFO - Product saved!
2026-05-28 12:28:39,363 - INFO - Product loaded!
2026-05-28 12:28:39,363 - INFO - Seb, ba korzina vorid shud!
2026-05-28 12:28:39,363 - INFO - Python Course, ba korzina vorid shud!
2026-05-28 12:28:39,363 - INFO - Laptop, ba korzina vorid shud!
2026-05-28 12:28:39,363 - INFO - Korzina xoli shud!
2026-05-28 12:29:26,934 - INFO - Python Course, aded
2026-05-28 12:29:26,934 - INFO - Laptop, aded
2026-05-28 12:29:26,935 - INFO - Seb, aded
2026-05-28 12:29:26,935 - INFO - Bozi, aded
2026-05-28 12:29:26,943 - INFO - Laptop, sold!
2026-05-28 12:29:26,943 - INFO - Python Course, sold!
2026-05-28 12:29:26,943 - INFO - Python Course, ba korzina vorid shud!
2026-05-28 12:29:26,943 - INFO - Laptop, ba korzina vorid shud!
2026-05-28 12:29:26,943 - INFO - Seb, ba korzina vorid shud!
2026-05-28 12:29:26,943 - INFO - Delivered
2026-05-28 12:29:26,944 - INFO - Product saved!
2026-05-28 12:29:26,944 - INFO - Product loaded!
2026-05-28 12:29:26,944 - INFO - Seb, ba korzina vorid shud!
2026-05-28 12:29:26,944 - INFO - Python Course, ba korzina vorid shud!
2026-05-28 12:29:26,944 - INFO - Laptop, ba korzina vorid shud!
2026-05-28 12:29:26,945 - INFO - Korzina xoli shud!
2026-05-28 12:33:25,683 - INFO - Python Course, aded
2026-05-28 12:33:25,683 - INFO - Laptop, aded
2026-05-28 12:33:25,683 - INFO - Seb, aded
2026-05-28 12:33:25,683 - INFO - Bozi, aded
2026-05-28 12:33:25,698 - INFO - Laptop, sold!
2026-05-28 12:33:25,699 - INFO - Python Course, sold!
2026-05-28 12:33:25,699 - INFO - Python Course, ba korzina vorid shud!
2026-05-28 12:33:25,699 - INFO - Laptop, ba korzina vorid shud!
2026-05-28 12:33:25,699 - INFO - Seb, ba korzina vorid shud!
2026-05-28 12:33:25,699 - INFO - Delivered
2026-05-28 12:33:25,700 - INFO - Product saved!
2026-05-28 12:33:25,700 - INFO - Product loaded!
2026-05-28 12:33:25,700 - INFO - Seb, ba korzina vorid shud!
2026-05-28 12:33:25,700 - INFO - Python Course, ba korzina vorid shud!
2026-05-28 12:33:25,700 - INFO - Laptop, ba korzina vorid shud!
2026-05-28 12:33:25,701 - INFO - Korzina xoli shud!
2026-05-28 17:28:05,756 - INFO - Python Course, aded
2026-05-28 17:28:05,757 - INFO - Laptop, aded
2026-05-28 17:28:05,757 - INFO - Seb, aded
2026-05-28 17:28:05,757 - INFO - Bozi, aded
2026-05-28 17:28:41,034 - INFO - Python Course, aded
2026-05-28 17:28:41,034 - INFO - Laptop, aded
2026-05-28 17:28:41,034 - INFO - Seb, aded
2026-05-28 17:28:41,034 - INFO - Bozi, aded
2026-05-28 17:30:30,785 - INFO - Python Course, aded
2026-05-28 17:30:30,785 - INFO - Laptop, aded
2026-05-28 17:30:30,785 - INFO - Seb, aded
2026-05-28 17:30:30,785 - INFO - Bozi, aded
2026-05-28 17:30:32,107 - INFO - Python Course, aded
2026-05-28 17:30:32,107 - INFO - Laptop, aded
2026-05-28 17:30:32,107 - INFO - Seb, aded
2026-05-28 17:30:32,108 - INFO - Bozi, aded
2026-05-28 17:30:33,494 - INFO - Python Course, aded
2026-05-28 17:30:33,495 - INFO - Laptop, aded
2026-05-28 17:30:33,495 - INFO - Seb, aded
2026-05-28 17:30:33,495 - INFO - Bozi, aded
2026-05-28 17:30:34,578 - INFO - Python Course, aded
2026-05-28 17:30:34,578 - INFO - Laptop, aded
2026-05-28 17:30:34,578 - INFO - Seb, aded
2026-05-28 17:30:34,578 - INFO - Bozi, aded
2026-05-28 17:30:59,689 - INFO - Python Course, aded
2026-05-28 17:30:59,689 - INFO - Laptop, aded
2026-05-28 17:30:59,689 - INFO - Seb, aded
2026-05-28 17:30:59,690 - INFO - Bozi, aded
2026-05-28 17:31:00,830 - INFO - Python Course, aded
2026-05-28 17:31:00,830 - INFO - Laptop, aded
2026-05-28 17:31:00,830 - INFO - Seb, aded
2026-05-28 17:31:00,830 - INFO - Bozi, aded
2026-05-28 17:32:49,553 - INFO - Python Course, aded
2026-05-28 17:32:49,554 - INFO - Laptop, aded
2026-05-28 17:32:49,554 - INFO - Seb, aded
2026-05-28 17:32:49,554 - INFO - Bozi, aded
2026-05-28 17:33:06,306 - INFO - Python Course, aded
2026-05-28 17:33:06,306 - INFO - Laptop, aded
2026-05-28 17:33:06,306 - INFO - Seb, aded
2026-05-28 17:33:06,307 - INFO - Bozi, aded
2026-05-28 17:33:06,314 - INFO - Laptop, sold!
2026-05-28 17:33:06,314 - INFO - Python Course, sold!
2026-05-28 17:33:06,315 - INFO - Python Course, ba korzina vorid shud!
2026-05-28 17:33:06,315 - INFO - Laptop, ba korzina vorid shud!
2026-05-28 17:33:06,315 - INFO - Seb, ba korzina vorid shud!
2026-05-28 17:33:06,315 - INFO - Delivered
2026-05-28 17:33:06,315 - INFO - Product saved!
2026-05-28 17:33:06,316 - INFO - Product loaded!
2026-05-28 17:33:06,316 - INFO - Seb, ba korzina vorid shud!
2026-05-28 17:33:06,316 - INFO - Python Course, ba korzina vorid shud!
2026-05-28 17:33:06,316 - INFO - Laptop, ba korzina vorid shud!
2026-05-28 17:33:06,316 - INFO - Korzina xoli shud!
2026-05-28 17:33:35,566 - INFO - Python Course, aded
2026-05-28 17:33:35,566 - INFO - Laptop, aded
2026-05-28 17:33:35,566 - INFO - Seb, aded
2026-05-28 17:33:35,566 - INFO - Bozi, aded
2026-05-28 17:33:41,627 - INFO - Python Course, aded
2026-05-28 17:33:41,627 - INFO - Laptop, aded
2026-05-28 17:33:41,627 - INFO - Seb, aded
2026-05-28 17:33:41,627 - INFO - Bozi, aded
2026-05-28 17:34:54,533 - INFO - Python Course, aded
2026-05-28 17:34:54,534 - INFO - Laptop, aded
2026-05-28 17:34:54,534 - INFO - Seb, aded
2026-05-28 17:34:54,534 - INFO - Bozi, aded
2026-05-28 17:37:41,067 - INFO - Python Course, aded
2026-05-28 17:37:41,068 - INFO - Laptop, aded
2026-05-28 17:37:41,068 - INFO - Seb, aded
2026-05-28 17:37:41,068 - INFO - Bozi, aded
2026-05-28 17:37:42,129 - INFO - Python Course, aded
2026-05-28 17:37:42,129 - INFO - Laptop, aded
2026-05-28 17:37:42,129 - INFO - Seb, aded
2026-05-28 17:37:42,130 - INFO - Bozi, aded
2026-05-28 17:40:00,211 - INFO - Python Course, aded
2026-05-28 17:40:00,211 - INFO - Laptop, aded
2026-05-28 17:40:00,211 - INFO - Seb, aded
2026-05-28 17:40:00,211 - INFO - Bozi, aded
2026-05-28 17:42:02,519 - INFO - Python Course, aded
2026-05-28 17:42:02,520 - INFO - Laptop, aded
2026-05-28 17:42:02,520 - INFO - Seb, aded
2026-05-28 17:42:02,520 - INFO - Bozi, aded
2026-05-28 17:42:50,174 - INFO - Python Course, aded
2026-05-28 17:42:50,174 - INFO - Laptop, aded
2026-05-28 17:42:50,174 - INFO - Seb, aded
2026-05-28 17:42:50,174 - INFO - Bozi, aded
2026-05-28 17:42:52,611 - INFO - Python Course, aded
2026-05-28 17:42:52,612 - INFO - Laptop, aded
2026-05-28 17:42:52,612 - INFO - Seb, aded
2026-05-28 17:42:52,612 - INFO - Bozi, aded
2026-05-28 17:43:15,804 - INFO - Python Course, aded
2026-05-28 17:43:15,804 - INFO - Laptop, aded
2026-05-28 17:43:15,804 - INFO - Seb, aded
2026-05-28 17:43:15,804 - INFO - Bozi, aded
2026-05-28 17:44:00,995 - INFO - Python Course, aded
2026-05-28 17:44:00,995 - INFO - Laptop, aded
2026-05-28 17:44:00,995 - INFO - Seb, aded
2026-05-28 17:44:00,995 - INFO - Bozi, aded
2026-05-28 17:44:01,004 - INFO - Laptop, sold!
2026-05-28 17:44:01,004 - INFO - Python Course, sold!
2026-05-28 17:44:01,004 - INFO - Python Course, ba korzina vorid shud!
2026-05-28 17:44:01,004 - INFO - Laptop, ba korzina vorid shud!
2026-05-28 17:44:01,004 - INFO - Seb, ba korzina vorid shud!
2026-05-28 17:44:01,005 - INFO - Delivered
2026-05-28 17:44:01,005 - INFO - Product saved!
2026-05-28 17:44:01,005 - INFO - Product loaded!
2026-05-28 17:44:01,006 - INFO - Seb, ba korzina vorid shud!
2026-05-28 17:44:01,006 - INFO - Python Course, ba korzina vorid shud!
2026-05-28 17:44:01,006 - INFO - Laptop, ba korzina vorid shud!
2026-05-28 17:44:01,006 - INFO - Korzina xoli shud!
2026-05-28 17:45:12,906 - INFO - Python Course, aded
2026-05-28 17:45:12,906 - INFO - Laptop, aded
2026-05-28 17:45:12,906 - INFO - Seb, aded
2026-05-28 17:45:12,906 - INFO - Bozi, aded
2026-05-28 17:45:12,919 - INFO - Laptop, sold!
2026-05-28 17:45:12,920 - INFO - Python Course, sold!
2026-05-28 17:45:12,920 - INFO - Python Course, ba korzina vorid shud!
2026-05-28 17:45:12,920 - INFO - Laptop, ba korzina vorid shud!
2026-05-28 17:45:12,920 - INFO - Seb, ba korzina vorid shud!
2026-05-28 17:45:12,920 - INFO - Delivered
2026-05-28 17:45:12,921 - INFO - Product saved!
2026-05-28 17:45:12,921 - INFO - Product loaded!
2026-05-28 17:45:12,921 - INFO - Seb, ba korzina vorid shud!
2026-05-28 17:45:12,921 - INFO - Python Course, ba korzina vorid shud!
2026-05-28 17:45:12,921 - INFO - Laptop, ba korzina vorid shud!
2026-05-28 17:45:12,922 - INFO - Korzina xoli shud!
2026-05-28 17:46:12,126 - INFO - Python Course, aded
2026-05-28 17:46:12,126 - INFO - Laptop, aded
2026-05-28 17:46:12,126 - INFO - Seb, aded
2026-05-28 17:46:12,126 - INFO - Bozi, aded
2026-05-28 17:46:12,139 - INFO - Laptop, sold!
2026-05-28 17:46:12,139 - INFO - Python Course, sold!
2026-05-28 17:46:12,139 - INFO - Python Course, ba korzina vorid shud!
2026-05-28 17:46:12,139 - INFO - Laptop, ba korzina vorid shud!
2026-05-28 17:46:12,139 - INFO - Seb, ba korzina vorid shud!
2026-05-28 17:46:12,140 - INFO - Delivered
2026-05-28 17:46:12,141 - INFO - Product saved!
2026-05-28 17:46:12,141 - INFO - Product loaded!
2026-05-28 17:46:12,141 - INFO - Seb, ba korzina vorid shud!
2026-05-28 17:46:12,141 - INFO - Python Course, ba korzina vorid shud!
2026-05-28 17:46:12,141 - INFO - Laptop, ba korzina vorid shud!
2026-05-28 17:46:12,142 - INFO - Korzina xoli shud!
2026-05-28 17:47:13,166 - INFO - Python Course, aded
2026-05-28 17:47:13,166 - INFO - Laptop, aded
2026-05-28 17:47:13,167 - INFO - Seb, aded
2026-05-28 17:47:13,167 - INFO - Bozi, aded
2026-05-28 17:47:13,176 - INFO - Laptop, sold!
2026-05-28 17:47:13,177 - INFO - Python Course, sold!
2026-05-28 17:47:13,177 - INFO - Python Course, ba korzina vorid shud!
2026-05-28 17:47:13,177 - INFO - Laptop, ba korzina vorid shud!
2026-05-28 17:47:13,177 - INFO - Seb, ba korzina vorid shud!
2026-05-28 17:47:13,177 - INFO - Delivered
2026-05-28 17:47:13,178 - INFO - Product saved!
2026-05-28 17:47:13,178 - INFO - Product loaded!
2026-05-28 17:47:13,178 - INFO - Seb, ba korzina vorid shud!
2026-05-28 17:47:13,179 - INFO - Python Course, ba korzina vorid shud!
2026-05-28 17:47:13,179 - INFO - Laptop, ba korzina vorid shud!
2026-05-28 17:47:13,179 - INFO - Korzina xoli shud!
2026-05-28 21:01:10,579 - INFO - Python Course, aded
2026-05-28 21:01:10,580 - INFO - Laptop, aded
2026-05-28 21:01:10,580 - INFO - Seb, aded
2026-05-28 21:01:10,580 - INFO - Bozi, aded
2026-05-28 21:01:10,590 - INFO - Laptop, sold!
2026-05-28 21:01:10,591 - INFO - Python Course, sold!
2026-05-28 21:01:10,591 - INFO - Python Course, ba korzina vorid shud!
2026-05-28 21:01:10,591 - INFO - Laptop, ba korzina vorid shud!
2026-05-28 21:01:10,591 - INFO - Seb, ba korzina vorid shud!
2026-05-28 21:01:10,591 - INFO - Delivered
2026-05-28 21:01:10,592 - INFO - Product saved!
2026-05-28 21:01:10,592 - INFO - Product loaded!
2026-05-28 21:01:10,592 - INFO - Seb, ba korzina vorid shud!
2026-05-28 21:01:10,593 - INFO - Python Course, ba korzina vorid shud!
2026-05-28 21:01:10,593 - INFO - Laptop, ba korzina vorid shud!
2026-05-28 21:01:10,593 - INFO - Korzina xoli shud!
2026-05-28 21:22:47,264 - INFO - Python Course, aded
2026-05-28 21:22:47,264 - INFO - Laptop, aded
2026-05-28 21:22:47,264 - INFO - Seb, aded
2026-05-28 21:22:47,264 - INFO - Bozi, aded
2026-05-28 21:22:47,274 - INFO - Laptop, sold!
2026-05-28 21:22:47,274 - INFO - Python Course, sold!
2026-05-28 21:22:47,275 - INFO - Python Course, ba korzina vorid shud!
2026-05-28 21:22:47,275 - INFO - Laptop, ba korzina vorid shud!
2026-05-28 21:22:47,275 - INFO - Seb, ba korzina vorid shud!
2026-05-28 21:22:47,275 - INFO - Delivered
2026-05-28 21:22:47,276 - INFO - Product saved!
2026-05-28 21:22:47,276 - INFO - Product loaded!
2026-05-28 21:22:47,276 - INFO - Seb, ba korzina vorid shud!
2026-05-28 21:22:47,276 - INFO - Python Course, ba korzina vorid shud!
2026-05-28 21:22:47,276 - INFO - Laptop, ba korzina vorid shud!
2026-05-28 21:22:47,277 - INFO - Korzina xoli shud!
2026-05-28 21:49:15,890 - INFO - Python Course, aded
2026-05-28 21:49:15,890 - INFO - Laptop, aded
2026-05-28 21:49:15,891 - INFO - Seb, aded
2026-05-28 21:49:15,891 - INFO - Bozi, aded
2026-05-28 21:49:15,903 - INFO - Laptop, sold!
2026-05-28 21:49:15,904 - INFO - Python Course, sold!
2026-05-28 21:49:15,904 - INFO - Python Course, ba korzina vorid shud!
2026-05-28 21:49:15,904 - INFO - Laptop, ba korzina vorid shud!
2026-05-28 21:49:15,904 - INFO - Seb, ba korzina vorid shud!
2026-05-28 21:49:15,904 - INFO - Delivered
2026-05-28 21:49:15,904 - INFO - Product saved!
2026-05-28 21:49:15,905 - INFO - Product loaded!
2026-05-28 21:49:15,905 - INFO - Seb, ba korzina vorid shud!
2026-05-28 21:49:15,905 - INFO - Python Course, ba korzina vorid shud!
2026-05-28 21:49:15,905 - INFO - Laptop, ba korzina vorid shud!
2026-05-28 21:49:15,905 - INFO - Korzina xoli shud!
2026-05-28 21:49:17,649 - INFO - Python Course, aded
2026-05-28 21:49:17,649 - INFO - Laptop, aded
2026-05-28 21:49:17,649 - INFO - Seb, aded
2026-05-28 21:49:17,649 - INFO - Bozi, aded
2026-05-28 21:49:17,661 - INFO - Laptop, sold!
2026-05-28 21:49:17,661 - INFO - Python Course, sold!
2026-05-28 21:49:17,661 - INFO - Python Course, ba korzina vorid shud!
2026-05-28 21:49:17,661 - INFO - Laptop, ba korzina vorid shud!
2026-05-28 21:49:17,661 - INFO - Seb, ba korzina vorid shud!
2026-05-28 21:49:17,661 - INFO - Delivered
2026-05-28 21:49:17,662 - INFO - Product saved!
2026-05-28 21:49:17,662 - INFO - Product loaded!
2026-05-28 21:49:17,662 - INFO - Seb, ba korzina vorid shud!
2026-05-28 21:49:17,662 - INFO - Python Course, ba korzina vorid shud!
2026-05-28 21:49:17,662 - INFO - Laptop, ba korzina vorid shud!
2026-05-28 21:49:17,662 - INFO - Korzina xoli shud!
2026-05-28 21:49:25,936 - INFO - Python Course, aded
2026-05-28 21:49:25,936 - INFO - Laptop, aded
2026-05-28 21:49:25,936 - INFO - Seb, aded
2026-05-28 21:49:25,936 - INFO - Bozi, aded
2026-05-28 21:49:25,948 - INFO - Laptop, sold!
2026-05-28 21:49:25,948 - INFO - Python Course, sold!
2026-05-28 21:49:25,948 - INFO - Python Course, ba korzina vorid shud!
2026-05-28 21:49:25,948 - INFO - Laptop, ba korzina vorid shud!
2026-05-28 21:49:25,948 - INFO - Seb, ba korzina vorid shud!
2026-05-28 21:49:25,948 - INFO - Delivered
2026-05-28 21:49:25,948 - INFO - Product saved!
2026-05-28 21:49:25,948 - INFO - Product loaded!
2026-05-28 21:49:25,948 - INFO - Seb, ba korzina vorid shud!
2026-05-28 21:49:25,948 - INFO - Python Course, ba korzina vorid shud!
2026-05-28 21:49:25,948 - INFO - Laptop, ba korzina vorid shud!
2026-05-28 21:49:25,948 - INFO - Korzina xoli shud!
2026-05-29 17:33:51,299 - INFO - Python Course, aded
2026-05-29 17:33:51,300 - INFO - Laptop, aded
2026-05-29 17:33:51,300 - INFO - Seb, aded
2026-05-29 17:33:51,300 - INFO - Bozi, aded
2026-05-29 17:34:28,467 - INFO - Python Course, aded
2026-05-29 17:34:28,467 - INFO - Laptop, aded
2026-05-29 17:34:28,467 - INFO - Seb, aded
2026-05-29 17:34:28,467 - INFO - Bozi, aded
2026-05-29 17:34:29,649 - INFO - Python Course, aded
2026-05-29 17:34:29,649 - INFO - Laptop, aded
2026-05-29 17:34:29,649 - INFO - Seb, aded
2026-05-29 17:34:29,649 - INFO - Bozi, aded
2026-05-29 17:34:50,751 - INFO - Python Course, aded
2026-05-29 17:34:50,751 - INFO - Laptop, aded
2026-05-29 17:34:50,751 - INFO - Seb, aded
2026-05-29 17:34:50,751 - INFO - Bozi, aded
2026-05-29 17:36:02,687 - INFO - Python Course, aded
2026-05-29 17:36:02,687 - INFO - Laptop, aded
2026-05-29 17:36:02,687 - INFO - Seb, aded
2026-05-29 17:36:02,687 - INFO - Bozi, aded
2026-05-29 17:36:25,965 - INFO - Python Course, aded
2026-05-29 17:36:25,965 - INFO - Laptop, aded
2026-05-29 17:36:25,965 - INFO - Seb, aded
2026-05-29 17:36:25,965 - INFO - Bozi, aded
2026-05-29 17:37:11,791 - INFO - Python Course, aded
2026-05-29 17:37:11,791 - INFO - Laptop, aded
2026-05-29 17:37:11,792 - INFO - Seb, aded
2026-05-29 17:37:11,792 - INFO - Bozi, aded
2026-05-29 17:37:38,361 - INFO - Python Course, aded
2026-05-29 17:37:38,361 - INFO - Laptop, aded
2026-05-29 17:37:38,361 - INFO - Seb, aded
2026-05-29 17:37:38,361 - INFO - Bozi, aded
2026-05-29 17:37:44,126 - INFO - Python Course, aded
2026-05-29 17:37:44,126 - INFO - Laptop, aded
2026-05-29 17:37:44,126 - INFO - Seb, aded
2026-05-29 17:37:44,127 - INFO - Bozi, aded
2026-05-29 17:38:16,447 - INFO - Python Course, aded
2026-05-29 17:38:16,447 - INFO - Laptop, aded
2026-05-29 17:38:16,447 - INFO - Seb, aded
2026-05-29 17:38:16,447 - INFO - Bozi, aded
2026-05-29 17:38:21,435 - INFO - Python Course, aded
2026-05-29 17:38:21,436 - INFO - Laptop, aded
2026-05-29 17:38:21,436 - INFO - Seb, aded
2026-05-29 17:38:21,436 - INFO - Bozi, aded
2026-05-29 17:38:32,346 - INFO - Python Course, aded
2026-05-29 17:38:32,346 - INFO - Laptop, aded
2026-05-29 17:38:32,346 - INFO - Seb, aded
2026-05-29 17:38:32,346 - INFO - Bozi, aded
2026-05-29 17:38:47,985 - INFO - Python Course, aded
2026-05-29 17:38:47,985 - INFO - Laptop, aded
2026-05-29 17:38:47,985 - INFO - Seb, aded
2026-05-29 17:38:47,985 - INFO - Bozi, aded
2026-05-29 17:38:49,231 - INFO - Python Course, aded
2026-05-29 17:38:49,231 - INFO - Laptop, aded
2026-05-29 17:38:49,231 - INFO - Seb, aded
2026-05-29 17:38:49,231 - INFO - Bozi, aded
2026-05-29 17:39:08,440 - INFO - Python Course, aded
2026-05-29 17:39:08,440 - INFO - Laptop, aded
2026-05-29 17:39:08,440 - INFO - Seb, aded
2026-05-29 17:39:08,440 - INFO - Bozi, aded
2026-05-29 17:39:31,083 - INFO - Python Course, aded
2026-05-29 17:39:31,083 - INFO - Laptop, aded
2026-05-29 17:39:31,083 - INFO - Seb, aded
2026-05-29 17:39:31,083 - INFO - Bozi, aded
2026-05-29 17:42:25,055 - INFO - Python Course, aded
2026-05-29 17:42:25,055 - INFO - Laptop, aded
2026-05-29 17:42:25,055 - INFO - Seb, aded
2026-05-29 17:42:25,055 - INFO - Bozi, aded
2026-05-29 17:44:10,767 - INFO - Python Course, aded
2026-05-29 17:44:10,767 - INFO - Laptop, aded
2026-05-29 17:44:10,767 - INFO - Seb, aded
2026-05-29 17:44:10,767 - INFO - Bozi, aded
2026-05-29 17:44:10,777 - INFO - Laptop, sold!
2026-05-29 17:44:10,778 - INFO - Python Course, sold!
2026-05-29 17:44:10,778 - INFO - Python Course, ba korzina vorid shud!
2026-05-29 17:44:10,778 - INFO - Laptop, ba korzina vorid shud!
2026-05-29 17:44:10,778 - INFO - Seb, ba korzina vorid shud!
2026-05-29 17:44:10,778 - INFO - Delivered
2026-05-29 17:44:10,779 - INFO - Product saved!
2026-05-29 17:44:10,779 - INFO - Product loaded!
2026-05-29 17:44:10,779 - INFO - Seb, ba korzina vorid shud!
2026-05-29 17:44:10,780 - INFO - Python Course, ba korzina vorid shud!
2026-05-29 17:44:10,780 - INFO - Laptop, ba korzina vorid shud!
2026-05-29 17:44:10,780 - INFO - Korzina xoli shud!
2026-05-29 17:44:20,544 - INFO - Python Course, aded
2026-05-29 17:44:20,544 - INFO - Laptop, aded
2026-05-29 17:44:20,545 - INFO - Seb, aded
2026-05-29 17:44:20,545 - INFO - Bozi, aded
2026-05-29 17:44:20,555 - INFO - Laptop, sold!
2026-05-29 17:44:20,556 - INFO - Python Course, sold!
2026-05-29 17:44:20,556 - INFO - Python Course, ba korzina vorid shud!
2026-05-29 17:44:20,556 - INFO - Laptop, ba korzina vorid shud!
2026-05-29 17:44:20,556 - INFO - Seb, ba korzina vorid shud!
2026-05-29 17:44:20,556 - INFO - Delivered
2026-05-29 17:44:20,556 - INFO - Product saved!
2026-05-29 17:44:20,557 - INFO - Product loaded!
2026-05-29 17:44:20,557 - INFO - Seb, ba korzina vorid shud!
2026-05-29 17:44:20,557 - INFO - Python Course, ba korzina vorid shud!
2026-05-29 17:44:20,557 - INFO - Laptop, ba korzina vorid shud!
2026-05-29 17:44:20,557 - INFO - Korzina xoli shud!
2026-05-29 18:05:20,348 - INFO - Python Course, aded
2026-05-29 18:05:20,348 - INFO - Laptop, aded
2026-05-29 18:05:20,348 - INFO - Seb, aded
2026-05-29 18:05:20,348 - INFO - Bozi, aded
2026-05-29 18:05:20,360 - INFO - Laptop, sold!
2026-05-29 18:05:20,360 - INFO - Python Course, sold!
2026-05-29 18:05:20,360 - INFO - Python Course, ba korzina vorid shud!
2026-05-29 18:05:20,360 - INFO - Laptop, ba korzina vorid shud!
2026-05-29 18:05:20,361 - INFO - Seb, ba korzina vorid shud!
2026-05-29 18:05:20,361 - INFO - Delivered
2026-05-29 18:05:20,361 - INFO - Product saved!
2026-05-29 18:05:20,361 - INFO - Product loaded!
2026-05-29 18:05:20,361 - INFO - Seb, ba korzina vorid shud!
2026-05-29 18:05:20,361 - INFO - Python Course, ba korzina vorid shud!
2026-05-29 18:05:20,361 - INFO - Laptop, ba korzina vorid shud!
2026-05-29 18:05:20,361 - INFO - Korzina xoli shud!
2026-05-29 18:05:50,275 - INFO - Python Course, aded
2026-05-29 18:05:50,275 - INFO - Laptop, aded
2026-05-29 18:05:50,275 - INFO - Seb, aded
2026-05-29 18:05:50,275 - INFO - Bozi, aded
2026-05-29 18:05:50,288 - INFO - Laptop, sold!
2026-05-29 18:05:50,289 - INFO - Python Course, sold!
2026-05-29 18:05:50,289 - INFO - Python Course, ba korzina vorid shud!
2026-05-29 18:05:50,289 - INFO - Laptop, ba korzina vorid shud!
2026-05-29 18:05:50,289 - INFO - Seb, ba korzina vorid shud!
2026-05-29 18:05:50,289 - INFO - Delivered
2026-05-29 18:05:50,289 - INFO - Product saved!
2026-05-29 18:05:50,289 - INFO - Product loaded!
2026-05-29 18:05:50,289 - INFO - Seb, ba korzina vorid shud!
2026-05-29 18:05:50,289 - INFO - Python Course, ba korzina vorid shud!
2026-05-29 18:05:50,289 - INFO - Laptop, ba korzina vorid shud!
2026-05-29 18:05:50,289 - INFO - Korzina xoli shud!
2026-05-29 19:43:39,783 - INFO - BEGIN (implicit)
2026-05-29 19:43:39,783 - INFO - PRAGMA main.table_info("products")
2026-05-29 19:43:39,783 - INFO - [raw sql] ()
2026-05-29 19:43:39,783 - INFO - PRAGMA temp.table_info("products")
2026-05-29 19:43:39,784 - INFO - [raw sql] ()
2026-05-29 19:43:39,784 - INFO - PRAGMA main.table_info("digital_products")
2026-05-29 19:43:39,784 - INFO - [raw sql] ()
2026-05-29 19:43:39,784 - INFO - PRAGMA temp.table_info("digital_products")
2026-05-29 19:43:39,784 - INFO - [raw sql] ()
2026-05-29 19:43:39,784 - INFO - PRAGMA main.table_info("physical_products")
2026-05-29 19:43:39,784 - INFO - [raw sql] ()
2026-05-29 19:43:39,784 - INFO - PRAGMA temp.table_info("physical_products")
2026-05-29 19:43:39,784 - INFO - [raw sql] ()
2026-05-29 19:43:39,784 - INFO - 
CREATE TABLE products (
	id INTEGER NOT NULL, 
	name VARCHAR NOT NULL, 
	price INTEGER NOT NULL, 
	dona INTEGER NOT NULL, 
	product_type VARCHAR NOT NULL, 
	PRIMARY KEY (id)
)


2026-05-29 19:43:39,784 - INFO - [no key 0.00007s] ()
2026-05-29 19:43:39,788 - INFO - 
CREATE TABLE digital_products (
	id INTEGER NOT NULL, 
	file_size INTEGER NOT NULL, 
	PRIMARY KEY (id), 
	FOREIGN KEY(id) REFERENCES products (id)
)


2026-05-29 19:43:39,788 - INFO - [no key 0.00007s] ()
2026-05-29 19:43:39,791 - INFO - 
CREATE TABLE physical_products (
	id INTEGER NOT NULL, 
	weight INTEGER NOT NULL, 
	PRIMARY KEY (id), 
	FOREIGN KEY(id) REFERENCES products (id)
)


2026-05-29 19:43:39,792 - INFO - [no key 0.00014s] ()
2026-05-29 19:43:39,794 - INFO - COMMIT
2026-05-29 19:43:39,795 - INFO - BEGIN (implicit)
2026-05-29 19:43:39,796 - INFO - INSERT INTO products (name, price, dona, product_type) VALUES (?, ?, ?, ?) RETURNING id
2026-05-29 19:43:39,796 - INFO - [generated in 0.00011s (insertmanyvalues) 1/3 (ordered; batch not supported)] ('Python Course', None, None, 'digital')
2026-05-29 19:43:39,797 - INFO - ROLLBACK
2026-05-29 20:04:14,510 - INFO - BEGIN (implicit)
2026-05-29 20:04:14,510 - INFO - PRAGMA main.table_info("products")
2026-05-29 20:04:14,510 - INFO - [raw sql] ()
2026-05-29 20:04:14,510 - INFO - PRAGMA main.table_info("digital_products")
2026-05-29 20:04:14,510 - INFO - [raw sql] ()
2026-05-29 20:04:14,510 - INFO - PRAGMA main.table_info("physical_products")
2026-05-29 20:04:14,510 - INFO - [raw sql] ()
2026-05-29 20:04:14,511 - INFO - COMMIT
2026-05-29 20:04:14,511 - INFO - BEGIN (implicit)
2026-05-29 20:04:14,512 - INFO - INSERT INTO products (name, price, dona, product_type) VALUES (?, ?, ?, ?) RETURNING id
2026-05-29 20:04:14,513 - INFO - [generated in 0.00010s (insertmanyvalues) 1/3 (ordered; batch not supported)] ('Python Course', None, None, 'digital')
2026-05-29 20:04:14,513 - INFO - ROLLBACK
2026-05-29 20:06:14,294 - INFO - BEGIN (implicit)
2026-05-29 20:06:14,294 - INFO - PRAGMA main.table_info("products")
2026-05-29 20:06:14,294 - INFO - [raw sql] ()
2026-05-29 20:06:14,295 - INFO - PRAGMA temp.table_info("products")
2026-05-29 20:06:14,295 - INFO - [raw sql] ()
2026-05-29 20:06:14,295 - INFO - PRAGMA main.table_info("digital_products")
2026-05-29 20:06:14,295 - INFO - [raw sql] ()
2026-05-29 20:06:14,295 - INFO - PRAGMA temp.table_info("digital_products")
2026-05-29 20:06:14,295 - INFO - [raw sql] ()
2026-05-29 20:06:14,295 - INFO - PRAGMA main.table_info("physical_products")
2026-05-29 20:06:14,295 - INFO - [raw sql] ()
2026-05-29 20:06:14,295 - INFO - PRAGMA temp.table_info("physical_products")
2026-05-29 20:06:14,295 - INFO - [raw sql] ()
2026-05-29 20:06:14,295 - INFO - 
CREATE TABLE products (
	id INTEGER NOT NULL, 
	name VARCHAR NOT NULL, 
	price INTEGER NOT NULL, 
	dona INTEGER NOT NULL, 
	product_type VARCHAR NOT NULL, 
	PRIMARY KEY (id)
)


2026-05-29 20:06:14,295 - INFO - [no key 0.00004s] ()
2026-05-29 20:06:14,299 - INFO - 
CREATE TABLE digital_products (
	id INTEGER NOT NULL, 
	file_size INTEGER NOT NULL, 
	PRIMARY KEY (id), 
	FOREIGN KEY(id) REFERENCES products (id)
)


2026-05-29 20:06:14,299 - INFO - [no key 0.00008s] ()
2026-05-29 20:06:14,303 - INFO - 
CREATE TABLE physical_products (
	id INTEGER NOT NULL, 
	weight INTEGER NOT NULL, 
	PRIMARY KEY (id), 
	FOREIGN KEY(id) REFERENCES products (id)
)


2026-05-29 20:06:14,303 - INFO - [no key 0.00020s] ()
2026-05-29 20:06:14,306 - INFO - COMMIT
2026-05-29 20:06:14,307 - INFO - BEGIN (implicit)
2026-05-29 20:06:14,310 - INFO - INSERT INTO products (name, price, dona, product_type) VALUES (?, ?, ?, ?) RETURNING id
2026-05-29 20:06:14,310 - INFO - [generated in 0.00025s (insertmanyvalues) 1/3 (ordered; batch not supported)] ('Python Course', None, None, 'digital')
2026-05-29 20:06:14,311 - INFO - ROLLBACK
2026-05-29 20:06:41,241 - INFO - BEGIN (implicit)
2026-05-29 20:06:41,241 - INFO - PRAGMA main.table_info("products")
2026-05-29 20:06:41,241 - INFO - [raw sql] ()
2026-05-29 20:06:41,242 - INFO - PRAGMA temp.table_info("products")
2026-05-29 20:06:41,242 - INFO - [raw sql] ()
2026-05-29 20:06:41,242 - INFO - PRAGMA main.table_info("digital_products")
2026-05-29 20:06:41,242 - INFO - [raw sql] ()
2026-05-29 20:06:41,242 - INFO - PRAGMA temp.table_info("digital_products")
2026-05-29 20:06:41,242 - INFO - [raw sql] ()
2026-05-29 20:06:41,242 - INFO - PRAGMA main.table_info("physical_products")
2026-05-29 20:06:41,242 - INFO - [raw sql] ()
2026-05-29 20:06:41,242 - INFO - PRAGMA temp.table_info("physical_products")
2026-05-29 20:06:41,242 - INFO - [raw sql] ()
2026-05-29 20:06:41,243 - INFO - 
CREATE TABLE products (
	id INTEGER NOT NULL, 
	name VARCHAR NOT NULL, 
	price INTEGER NOT NULL, 
	dona INTEGER NOT NULL, 
	product_type VARCHAR NOT NULL, 
	PRIMARY KEY (id)
)


2026-05-29 20:06:41,243 - INFO - [no key 0.00012s] ()
2026-05-29 20:06:41,249 - INFO - 
CREATE TABLE digital_products (
	id INTEGER NOT NULL, 
	file_size INTEGER NOT NULL, 
	PRIMARY KEY (id), 
	FOREIGN KEY(id) REFERENCES products (id)
)


2026-05-29 20:06:41,249 - INFO - [no key 0.00021s] ()
2026-05-29 20:06:41,253 - INFO - 
CREATE TABLE physical_products (
	id INTEGER NOT NULL, 
	weight INTEGER NOT NULL, 
	PRIMARY KEY (id), 
	FOREIGN KEY(id) REFERENCES products (id)
)


2026-05-29 20:06:41,253 - INFO - [no key 0.00012s] ()
2026-05-29 20:06:41,256 - INFO - COMMIT
2026-05-29 20:06:41,256 - INFO - BEGIN (implicit)
2026-05-29 20:06:41,258 - INFO - INSERT INTO products (name, price, dona, product_type) VALUES (?, ?, ?, ?) RETURNING id
2026-05-29 20:06:41,258 - INFO - [generated in 0.00012s (insertmanyvalues) 1/3 (ordered; batch not supported)] ('Python Course', None, None, 'digital')
2026-05-29 20:06:41,258 - INFO - ROLLBACK
2026-05-29 20:14:21,172 - INFO - BEGIN (implicit)
2026-05-29 20:14:21,172 - INFO - PRAGMA main.table_info("products")
2026-05-29 20:14:21,172 - INFO - [raw sql] ()
2026-05-29 20:14:21,173 - INFO - PRAGMA main.table_info("digital_products")
2026-05-29 20:14:21,173 - INFO - [raw sql] ()
2026-05-29 20:14:21,173 - INFO - PRAGMA main.table_info("physical_products")
2026-05-29 20:14:21,173 - INFO - [raw sql] ()
2026-05-29 20:14:21,173 - INFO - COMMIT
2026-05-29 20:14:21,173 - INFO - BEGIN (implicit)
2026-05-29 20:14:21,174 - INFO - INSERT INTO products (name, price, dona, product_type) VALUES (?, ?, ?, ?) RETURNING id
2026-05-29 20:14:21,174 - INFO - [generated in 0.00007s (insertmanyvalues) 1/3 (ordered; batch not supported)] ('Python Course', None, None, 'digital')
2026-05-29 20:14:21,175 - INFO - ROLLBACK
2026-05-30 14:40:39,396 - INFO - BEGIN (implicit)
2026-05-30 14:40:39,397 - INFO - PRAGMA main.table_info("products")
2026-05-30 14:40:39,397 - INFO - [raw sql] ()
2026-05-30 14:40:39,397 - INFO - PRAGMA main.table_info("digital_products")
2026-05-30 14:40:39,398 - INFO - [raw sql] ()
2026-05-30 14:40:39,398 - INFO - PRAGMA main.table_info("physical_products")
2026-05-30 14:40:39,398 - INFO - [raw sql] ()
2026-05-30 14:40:39,398 - INFO - COMMIT
2026-05-30 14:40:39,399 - INFO - BEGIN (implicit)
2026-05-30 14:40:39,401 - INFO - INSERT INTO products (name, price, dona, product_type) VALUES (?, ?, ?, ?) RETURNING id
2026-05-30 14:40:39,401 - INFO - [generated in 0.00015s (insertmanyvalues) 1/3 (ordered; batch not supported)] ('Python Course', None, None, 'digital')
2026-05-30 14:40:39,401 - INFO - ROLLBACK
2026-05-30 15:28:43,223 - INFO - BEGIN (implicit)
2026-05-30 15:28:43,223 - INFO - PRAGMA main.table_info("products")
2026-05-30 15:28:43,223 - INFO - [raw sql] ()
2026-05-30 15:28:43,224 - INFO - PRAGMA main.table_info("digital_products")
2026-05-30 15:28:43,224 - INFO - [raw sql] ()
2026-05-30 15:28:43,224 - INFO - PRAGMA main.table_info("physical_products")
2026-05-30 15:28:43,224 - INFO - [raw sql] ()
2026-05-30 15:28:43,224 - INFO - COMMIT
2026-05-30 15:28:43,224 - INFO - BEGIN (implicit)
2026-05-30 15:28:43,225 - INFO - INSERT INTO products (name, price, dona, product_type) VALUES (?, ?, ?, ?) RETURNING id
2026-05-30 15:28:43,226 - INFO - [generated in 0.00008s (insertmanyvalues) 1/3 (ordered; batch not supported)] ('Python Course', None, None, 'digital')
2026-05-30 15:28:43,226 - INFO - ROLLBACK
2026-05-30 16:09:04,124 - INFO - Python Course, aded
2026-05-30 16:09:04,124 - INFO - Laptop, aded
2026-05-30 16:09:04,124 - INFO - Seb, aded
2026-05-30 16:09:04,124 - INFO - Bozi, aded
2026-05-30 16:09:04,124 - INFO - Laptop, sold!
2026-05-30 16:09:04,124 - INFO - Python Course, sold!
2026-05-30 16:09:04,124 - INFO - Python Course, ba korzina vorid shud!
2026-05-30 16:09:04,124 - INFO - Laptop, ba korzina vorid shud!
2026-05-30 16:09:04,124 - INFO - Seb, ba korzina vorid shud!
2026-05-30 16:09:04,124 - INFO - Delivered
2026-05-30 16:09:48,376 - INFO - Python Course, aded
2026-05-30 16:09:48,376 - INFO - Laptop, aded
2026-05-30 16:09:48,376 - INFO - Seb, aded
2026-05-30 16:09:48,376 - INFO - Bozi, aded
2026-05-30 16:09:48,376 - INFO - Laptop, sold!
2026-05-30 16:09:48,377 - INFO - Python Course, sold!
2026-05-30 16:09:48,377 - INFO - Python Course, ba korzina vorid shud!
2026-05-30 16:09:48,377 - INFO - Laptop, ba korzina vorid shud!
2026-05-30 16:09:48,377 - INFO - Seb, ba korzina vorid shud!
2026-05-30 16:09:48,377 - INFO - Delivered
2026-05-30 16:10:25,533 - INFO - Python Course, aded
2026-05-30 16:10:25,534 - INFO - Laptop, aded
2026-05-30 16:10:25,534 - INFO - Seb, aded
2026-05-30 16:10:25,534 - INFO - Bozi, aded
2026-05-30 16:10:25,534 - INFO - Laptop, sold!
2026-05-30 16:10:25,534 - INFO - Python Course, sold!
2026-05-30 16:10:25,534 - INFO - Python Course, ba korzina vorid shud!
2026-05-30 16:10:25,534 - INFO - Laptop, ba korzina vorid shud!
2026-05-30 16:10:25,534 - INFO - Seb, ba korzina vorid shud!
2026-05-30 16:10:25,534 - INFO - Delivered
2026-05-30 16:12:31,063 - INFO - Python Course, aded
2026-05-30 16:12:31,064 - INFO - Laptop, aded
2026-05-30 16:12:31,064 - INFO - Seb, aded
2026-05-30 16:12:31,064 - INFO - Bozi, aded
2026-05-30 16:12:31,064 - INFO - Laptop, sold!
2026-05-30 16:12:31,064 - INFO - Python Course, sold!
2026-05-30 16:12:31,064 - INFO - Python Course, ba korzina vorid shud!
2026-05-30 16:12:31,064 - INFO - Laptop, ba korzina vorid shud!
2026-05-30 16:12:31,064 - INFO - Seb, ba korzina vorid shud!
2026-05-30 16:12:31,064 - INFO - Delivered
2026-05-30 16:12:31,064 - INFO - Product saved!
2026-05-30 16:12:33,206 - INFO - Python Course, aded
2026-05-30 16:12:33,206 - INFO - Laptop, aded
2026-05-30 16:12:33,206 - INFO - Seb, aded
2026-05-30 16:12:33,206 - INFO - Bozi, aded
2026-05-30 16:12:33,206 - INFO - Laptop, sold!
2026-05-30 16:12:33,206 - INFO - Python Course, sold!
2026-05-30 16:12:33,207 - INFO - Python Course, ba korzina vorid shud!
2026-05-30 16:12:33,207 - INFO - Laptop, ba korzina vorid shud!
2026-05-30 16:12:33,207 - INFO - Seb, ba korzina vorid shud!
2026-05-30 16:12:33,207 - INFO - Delivered
2026-05-30 16:12:33,207 - INFO - Product saved!
2026-05-30 16:16:08,762 - INFO - Python Course, aded
2026-05-30 16:16:08,762 - INFO - Laptop, aded
2026-05-30 16:16:08,762 - INFO - Seb, aded
2026-05-30 16:16:08,763 - INFO - Bozi, aded
2026-05-30 16:16:08,763 - INFO - Laptop, sold!
2026-05-30 16:16:08,763 - INFO - Python Course, sold!
2026-05-30 16:16:08,763 - INFO - Python Course, ba korzina vorid shud!
2026-05-30 16:16:08,763 - INFO - Laptop, ba korzina vorid shud!
2026-05-30 16:16:08,763 - INFO - Seb, ba korzina vorid shud!
2026-05-30 16:16:08,763 - INFO - Delivered
2026-05-30 16:16:08,764 - INFO - Product saved!
2026-05-30 16:19:33,460 - INFO - Python Course, aded
2026-05-30 16:19:33,460 - INFO - Laptop, aded
2026-05-30 16:19:33,460 - INFO - Seb, aded
2026-05-30 16:19:33,460 - INFO - Bozi, aded
2026-05-30 16:19:33,460 - INFO - Laptop, sold!
2026-05-30 16:19:33,460 - INFO - Python Course, sold!
2026-05-30 16:19:33,460 - INFO - Python Course, ba korzina vorid shud!
2026-05-30 16:19:33,460 - INFO - Laptop, ba korzina vorid shud!
2026-05-30 16:19:33,460 - INFO - Seb, ba korzina vorid shud!
2026-05-30 16:19:33,460 - INFO - Delivered
2026-05-30 16:19:33,461 - INFO - Product saved!
2026-05-30 16:19:34,263 - INFO - Python Course, aded
2026-05-30 16:19:34,263 - INFO - Laptop, aded
2026-05-30 16:19:34,263 - INFO - Seb, aded
2026-05-30 16:19:34,263 - INFO - Bozi, aded
2026-05-30 16:19:34,263 - INFO - Laptop, sold!
2026-05-30 16:19:34,263 - INFO - Python Course, sold!
2026-05-30 16:19:34,263 - INFO - Python Course, ba korzina vorid shud!
2026-05-30 16:19:34,263 - INFO - Laptop, ba korzina vorid shud!
2026-05-30 16:19:34,263 - INFO - Seb, ba korzina vorid shud!
2026-05-30 16:19:34,263 - INFO - Delivered
2026-05-30 16:19:34,263 - INFO - Product saved!
2026-05-30 16:26:33,393 - INFO - Python Course, aded
2026-05-30 16:26:33,393 - INFO - Laptop, aded
2026-05-30 16:26:33,393 - INFO - Seb, aded
2026-05-30 16:26:33,393 - INFO - Bozi, aded
2026-05-30 16:26:33,393 - INFO - Laptop, sold!
2026-05-30 16:26:33,393 - INFO - Python Course, sold!
2026-05-30 16:26:33,393 - INFO - Python Course, ba korzina vorid shud!
2026-05-30 16:26:33,393 - INFO - Laptop, ba korzina vorid shud!
2026-05-30 16:26:33,393 - INFO - Seb, ba korzina vorid shud!
2026-05-30 16:26:33,393 - INFO - Delivered
2026-05-30 16:26:33,394 - INFO - Product saved!
2026-05-30 16:28:15,792 - INFO - Python Course, aded
2026-05-30 16:28:15,792 - INFO - Laptop, aded
2026-05-30 16:28:15,792 - INFO - Seb, aded
2026-05-30 16:28:15,792 - INFO - Bozi, aded
2026-05-30 16:28:15,792 - INFO - Laptop, sold!
2026-05-30 16:28:15,792 - INFO - Python Course, sold!
2026-05-30 16:28:15,792 - INFO - Python Course, ba korzina vorid shud!
2026-05-30 16:28:15,792 - INFO - Laptop, ba korzina vorid shud!
2026-05-30 16:28:15,792 - INFO - Seb, ba korzina vorid shud!
2026-05-30 16:28:15,792 - INFO - Delivered
2026-05-30 16:28:15,793 - INFO - Product saved!
2026-05-30 16:28:17,114 - INFO - Python Course, aded
2026-05-30 16:28:17,114 - INFO - Laptop, aded
2026-05-30 16:28:17,114 - INFO - Seb, aded
2026-05-30 16:28:17,114 - INFO - Bozi, aded
2026-05-30 16:28:17,114 - INFO - Laptop, sold!
2026-05-30 16:28:17,114 - INFO - Python Course, sold!
2026-05-30 16:28:17,114 - INFO - Python Course, ba korzina vorid shud!
2026-05-30 16:28:17,114 - INFO - Laptop, ba korzina vorid shud!
2026-05-30 16:28:17,114 - INFO - Seb, ba korzina vorid shud!
2026-05-30 16:28:17,115 - INFO - Delivered
2026-05-30 16:28:17,115 - INFO - Product saved!
2026-05-30 16:28:37,308 - INFO - Python Course, aded
2026-05-30 16:28:37,309 - INFO - Laptop, aded
2026-05-30 16:28:37,309 - INFO - Seb, aded
2026-05-30 16:28:37,309 - INFO - Bozi, aded
2026-05-30 16:28:37,309 - INFO - Laptop, sold!
2026-05-30 16:28:37,309 - INFO - Python Course, sold!
2026-05-30 16:28:37,309 - INFO - Python Course, ba korzina vorid shud!
2026-05-30 16:28:37,309 - INFO - Laptop, ba korzina vorid shud!
2026-05-30 16:28:37,309 - INFO - Seb, ba korzina vorid shud!
2026-05-30 16:28:37,309 - INFO - Delivered
2026-05-30 16:28:37,309 - INFO - Product saved!
2026-05-30 16:28:37,940 - INFO - Python Course, aded
2026-05-30 16:28:37,940 - INFO - Laptop, aded
2026-05-30 16:28:37,940 - INFO - Seb, aded
2026-05-30 16:28:37,940 - INFO - Bozi, aded
2026-05-30 16:28:37,940 - INFO - Laptop, sold!
2026-05-30 16:28:37,940 - INFO - Python Course, sold!
2026-05-30 16:28:37,941 - INFO - Python Course, ba korzina vorid shud!
2026-05-30 16:28:37,941 - INFO - Laptop, ba korzina vorid shud!
2026-05-30 16:28:37,941 - INFO - Seb, ba korzina vorid shud!
2026-05-30 16:28:37,941 - INFO - Delivered
2026-05-30 16:28:37,941 - INFO - Product saved!
2026-05-30 16:31:01,637 - INFO - Python Course, aded
2026-05-30 16:31:01,637 - INFO - Laptop, aded
2026-05-30 16:31:01,637 - INFO - Seb, aded
2026-05-30 16:31:01,637 - INFO - Bozi, aded
2026-05-30 16:31:01,638 - INFO - Laptop, sold!
2026-05-30 16:31:01,638 - INFO - Python Course, sold!
2026-05-30 16:31:01,638 - INFO - Python Course, ba korzina vorid shud!
2026-05-30 16:31:01,638 - INFO - Laptop, ba korzina vorid shud!
2026-05-30 16:31:01,638 - INFO - Seb, ba korzina vorid shud!
2026-05-30 16:31:01,638 - INFO - Delivered
2026-05-30 16:31:01,638 - INFO - Product saved!
2026-05-30 16:31:01,638 - INFO - Product loaded!
2026-05-30 16:31:18,246 - INFO - Python Course, aded
2026-05-30 16:31:18,246 - INFO - Laptop, aded
2026-05-30 16:31:18,246 - INFO - Seb, aded
2026-05-30 16:31:18,246 - INFO - Bozi, aded
2026-05-30 16:31:18,246 - INFO - Laptop, sold!
2026-05-30 16:31:18,246 - INFO - Python Course, sold!
2026-05-30 16:31:18,246 - INFO - Python Course, ba korzina vorid shud!
2026-05-30 16:31:18,246 - INFO - Laptop, ba korzina vorid shud!
2026-05-30 16:31:18,246 - INFO - Seb, ba korzina vorid shud!
2026-05-30 16:31:18,247 - INFO - Delivered
2026-05-30 16:31:18,247 - INFO - Product saved!
2026-05-30 16:31:18,247 - INFO - Product loaded!
2026-05-30 16:31:18,247 - INFO - Seb, ba korzina vorid shud!
2026-05-30 16:31:18,247 - INFO - Python Course, ba korzina vorid shud!
2026-05-30 16:31:18,247 - INFO - Laptop, ba korzina vorid shud!
2026-05-30 16:31:18,247 - INFO - Korzina xoli shud!
2026-05-30 16:35:41,677 - INFO - Python Course, aded
2026-05-30 16:35:41,677 - INFO - Laptop, aded
2026-05-30 16:35:41,677 - INFO - Seb, aded
2026-05-30 16:35:41,677 - INFO - Bozi, aded
2026-05-30 16:35:41,677 - INFO - Laptop, sold!
2026-05-30 16:35:41,677 - INFO - Python Course, sold!
2026-05-30 16:35:41,677 - INFO - Python Course, ba korzina vorid shud!
2026-05-30 16:35:41,677 - INFO - Laptop, ba korzina vorid shud!
2026-05-30 16:35:41,678 - INFO - Seb, ba korzina vorid shud!
2026-05-30 16:35:41,678 - INFO - Delivered
2026-05-30 16:35:41,678 - INFO - Product saved!
2026-05-30 16:35:41,678 - INFO - Product loaded!
2026-05-30 16:35:41,678 - INFO - Seb, ba korzina vorid shud!
2026-05-30 16:35:41,678 - INFO - Python Course, ba korzina vorid shud!
2026-05-30 16:35:41,678 - INFO - Laptop, ba korzina vorid shud!
2026-05-30 16:35:41,678 - INFO - Korzina xoli shud!
